Archive member included to satisfy reference by file (symbol)

/Users/sens/dev/toolchains/arm-gcc/bin/../lib/gcc/arm-none-eabi/9.3.1/../../../../arm-none-eabi/lib/thumb/v6-m/nofp/libc_nano.a(lib_a-exit.o)
                              /Users/sens/dev/toolchains/arm-gcc/bin/../lib/gcc/arm-none-eabi/9.3.1/../../../../arm-none-eabi/lib/thumb/v6-m/nofp/crt0.o (exit)
/Users/sens/dev/toolchains/arm-gcc/bin/../lib/gcc/arm-none-eabi/9.3.1/../../../../arm-none-eabi/lib/thumb/v6-m/nofp/libc_nano.a(lib_a-impure.o)
                              /Users/sens/dev/toolchains/arm-gcc/bin/../lib/gcc/arm-none-eabi/9.3.1/../../../../arm-none-eabi/lib/thumb/v6-m/nofp/libc_nano.a(lib_a-exit.o) (_global_impure_ptr)
/Users/sens/dev/toolchains/arm-gcc/bin/../lib/gcc/arm-none-eabi/9.3.1/../../../../arm-none-eabi/lib/thumb/v6-m/nofp/libc_nano.a(lib_a-init.o)
                              /Users/sens/dev/toolchains/arm-gcc/bin/../lib/gcc/arm-none-eabi/9.3.1/../../../../arm-none-eabi/lib/thumb/v6-m/nofp/crt0.o (__libc_init_array)
/Users/sens/dev/toolchains/arm-gcc/bin/../lib/gcc/arm-none-eabi/9.3.1/../../../../arm-none-eabi/lib/thumb/v6-m/nofp/libc_nano.a(lib_a-memset.o)
                              /Users/sens/dev/toolchains/arm-gcc/bin/../lib/gcc/arm-none-eabi/9.3.1/../../../../arm-none-eabi/lib/thumb/v6-m/nofp/crt0.o (memset)
/Users/sens/dev/toolchains/arm-gcc/bin/../lib/gcc/arm-none-eabi/9.3.1/../../../../arm-none-eabi/lib/thumb/v6-m/nofp/libc_nano.a(lib_a-sprintf.o)
                              build/ioctl.o (sprintf)
/Users/sens/dev/toolchains/arm-gcc/bin/../lib/gcc/arm-none-eabi/9.3.1/../../../../arm-none-eabi/lib/thumb/v6-m/nofp/libc_nano.a(lib_a-strcmp.o)
                              build/ioctl.o (strcmp)
/Users/sens/dev/toolchains/arm-gcc/bin/../lib/gcc/arm-none-eabi/9.3.1/../../../../arm-none-eabi/lib/thumb/v6-m/nofp/libc_nano.a(lib_a-strcpy.o)
                              build/ioctl.o (strcpy)
/Users/sens/dev/toolchains/arm-gcc/bin/../lib/gcc/arm-none-eabi/9.3.1/../../../../arm-none-eabi/lib/thumb/v6-m/nofp/libc_nano.a(lib_a-strlen.o)
                              build/ioctl.o (strlen)
/Users/sens/dev/toolchains/arm-gcc/bin/../lib/gcc/arm-none-eabi/9.3.1/../../../../arm-none-eabi/lib/thumb/v6-m/nofp/libc_nano.a(lib_a-strtok.o)
                              build/ioctl.o (strtok)
/Users/sens/dev/toolchains/arm-gcc/bin/../lib/gcc/arm-none-eabi/9.3.1/../../../../arm-none-eabi/lib/thumb/v6-m/nofp/libc_nano.a(lib_a-strtok_r.o)
                              /Users/sens/dev/toolchains/arm-gcc/bin/../lib/gcc/arm-none-eabi/9.3.1/../../../../arm-none-eabi/lib/thumb/v6-m/nofp/libc_nano.a(lib_a-strtok.o) (__strtok_r)
/Users/sens/dev/toolchains/arm-gcc/bin/../lib/gcc/arm-none-eabi/9.3.1/../../../../arm-none-eabi/lib/thumb/v6-m/nofp/libc_nano.a(lib_a-strtol.o)
                              build/ioctl.o (strtol)
/Users/sens/dev/toolchains/arm-gcc/bin/../lib/gcc/arm-none-eabi/9.3.1/../../../../arm-none-eabi/lib/thumb/v6-m/nofp/libc_nano.a(lib_a-strtoll.o)
                              build/ioctl.o (strtoll)
/Users/sens/dev/toolchains/arm-gcc/bin/../lib/gcc/arm-none-eabi/9.3.1/../../../../arm-none-eabi/lib/thumb/v6-m/nofp/libc_nano.a(lib_a-assert.o)
                              /Users/sens/dev/toolchains/arm-gcc/bin/../lib/gcc/arm-none-eabi/9.3.1/../../../../arm-none-eabi/lib/thumb/v6-m/nofp/libc_nano.a(lib_a-strtok.o) (__assert_func)
/Users/sens/dev/toolchains/arm-gcc/bin/../lib/gcc/arm-none-eabi/9.3.1/../../../../arm-none-eabi/lib/thumb/v6-m/nofp/libc_nano.a(lib_a-ctype_.o)
                              /Users/sens/dev/toolchains/arm-gcc/bin/../lib/gcc/arm-none-eabi/9.3.1/../../../../arm-none-eabi/lib/thumb/v6-m/nofp/libc_nano.a(lib_a-strtol.o) (_ctype_)
/Users/sens/dev/toolchains/arm-gcc/bin/../lib/gcc/arm-none-eabi/9.3.1/../../../../arm-none-eabi/lib/thumb/v6-m/nofp/libc_nano.a(lib_a-errno.o)
                              /Users/sens/dev/toolchains/arm-gcc/bin/../lib/gcc/arm-none-eabi/9.3.1/../../../../arm-none-eabi/lib/thumb/v6-m/nofp/libc_nano.a(lib_a-strtol.o) (__errno)
/Users/sens/dev/toolchains/arm-gcc/bin/../lib/gcc/arm-none-eabi/9.3.1/../../../../arm-none-eabi/lib/thumb/v6-m/nofp/libc_nano.a(lib_a-fprintf.o)
                              /Users/sens/dev/toolchains/arm-gcc/bin/../lib/gcc/arm-none-eabi/9.3.1/../../../../arm-none-eabi/lib/thumb/v6-m/nofp/libc_nano.a(lib_a-assert.o) (fiprintf)
/Users/sens/dev/toolchains/arm-gcc/bin/../lib/gcc/arm-none-eabi/9.3.1/../../../../arm-none-eabi/lib/thumb/v6-m/nofp/libc_nano.a(lib_a-malloc.o)
                              /Users/sens/dev/toolchains/arm-gcc/bin/../lib/gcc/arm-none-eabi/9.3.1/../../../../arm-none-eabi/lib/thumb/v6-m/nofp/libc_nano.a(lib_a-strtok.o) (malloc)
/Users/sens/dev/toolchains/arm-gcc/bin/../lib/gcc/arm-none-eabi/9.3.1/../../../../arm-none-eabi/lib/thumb/v6-m/nofp/libc_nano.a(lib_a-nano-freer.o)
[...]
Memory Configuration

Name             Origin             Length             Attributes
RAM              0x0000000020000000 0x0000000000004000 xrw
FLASH            0x0000000008000000 0x0000000000010000 xr
*default*        0x0000000000000000 0xffffffffffffffff

Linker script and memory map

LOAD /Users/sens/dev/toolchains/arm-gcc/bin/../lib/gcc/arm-none-eabi/9.3.1/thumb/v6-m/nofp/crti.o
LOAD /Users/sens/dev/toolchains/arm-gcc/bin/../lib/gcc/arm-none-eabi/9.3.1/thumb/v6-m/nofp/crtbegin.o
LOAD /Users/sens/dev/toolchains/arm-gcc/bin/../lib/gcc/arm-none-eabi/9.3.1/../../../../arm-none-eabi/lib/thumb/v6-m/nofp/crt0.o
LOAD build/main.o
LOAD build/ioctl.o
LOAD build/gpio.o
LOAD build/stm32f0xx_it.o
LOAD build/stm32f0xx_hal_msp.o
LOAD build/usb_device.o
LOAD build/usbd_desc.o
LOAD build/usbd_cdc_if.o
LOAD build/usbd_conf.o
LOAD build/system_stm32f0xx.o
LOAD build/i2c.o
LOAD build/spi.o
LOAD build/tim.o
LOAD build/stm32f0xx_ll_usb.o
LOAD build/stm32f0xx_hal_pcd.o
LOAD build/stm32f0xx_hal_pcd_ex.o
LOAD build/stm32f0xx_hal_rcc.o
LOAD build/stm32f0xx_hal_rcc_ex.o
LOAD build/stm32f0xx_hal.o
LOAD build/stm32f0xx_hal_i2c.o
LOAD build/stm32f0xx_hal_i2c_ex.o
LOAD build/stm32f0xx_hal_gpio.o
LOAD build/stm32f0xx_hal_dma.o
LOAD build/stm32f0xx_hal_cortex.o
LOAD build/stm32f0xx_hal_pwr.o
LOAD build/stm32f0xx_hal_pwr_ex.o
LOAD build/stm32f0xx_hal_flash.o
LOAD build/stm32f0xx_hal_flash_ex.o
LOAD build/stm32f0xx_hal_exti.o
LOAD build/stm32f0xx_hal_spi.o
LOAD build/stm32f0xx_hal_spi_ex.o
LOAD build/stm32f0xx_hal_tim.o
LOAD build/stm32f0xx_hal_tim_ex.o
LOAD build/usbd_core.o
LOAD build/usbd_ctlreq.o
LOAD build/usbd_ioreq.o
LOAD build/usbd_cdc.o
LOAD build/startup_stm32f072xb.o
LOAD /Users/sens/dev/toolchains/arm-gcc/bin/../lib/gcc/arm-none-eabi/9.3.1/../../../../arm-none-eabi/lib/thumb/v6-m/nofp/libc_nano.a
LOAD /Users/sens/dev/toolchains/arm-gcc/bin/../lib/gcc/arm-none-eabi/9.3.1/../../../../arm-none-eabi/lib/thumb/v6-m/nofp/libm.a
LOAD /Users/sens/dev/toolchains/arm-gcc/bin/../lib/gcc/arm-none-eabi/9.3.1/../../../../arm-none-eabi/lib/thumb/v6-m/nofp/libnosys.a
START GROUP
LOAD /Users/sens/dev/toolchains/arm-gcc/bin/../lib/gcc/arm-none-eabi/9.3.1/thumb/v6-m/nofp/libgcc.a
LOAD /Users/sens/dev/toolchains/arm-gcc/bin/../lib/gcc/arm-none-eabi/9.3.1/../../../../arm-none-eabi/lib/thumb/v6-m/nofp/libc_nano.a
END GROUP
START GROUP
LOAD /Users/sens/dev/toolchains/arm-gcc/bin/../lib/gcc/arm-none-eabi/9.3.1/thumb/v6-m/nofp/libgcc.a
LOAD /Users/sens/dev/toolchains/arm-gcc/bin/../lib/gcc/arm-none-eabi/9.3.1/../../../../arm-none-eabi/lib/thumb/v6-m/nofp/libc_nano.a
END GROUP
LOAD /Users/sens/dev/toolchains/arm-gcc/bin/../lib/gcc/arm-none-eabi/9.3.1/thumb/v6-m/nofp/crtend.o
LOAD /Users/sens/dev/toolchains/arm-gcc/bin/../lib/gcc/arm-none-eabi/9.3.1/thumb/v6-m/nofp/crtn.o
                0x0000000020004000                _estack = 0x20004000
                0x0000000000000200                _Min_Heap_Size = 0x200
                0x0000000000000400                _Min_Stack_Size = 0x400

.isr_vector     0x0000000008000000       0xc0
                0x0000000008000000                . = ALIGN (0x4)
 *(.isr_vector)
 .isr_vector    0x0000000008000000       0xc0 build/startup_stm32f072xb.o
                0x0000000008000000                g_pfnVectors
                0x00000000080000c0                . = ALIGN (0x4)

.text           0x00000000080000c0     0x9dbc
                0x00000000080000c0                . = ALIGN (0x4)
 *(.text)
 .text          0x00000000080000c0       0x48 /Users/sens/dev/toolchains/arm-gcc/bin/../lib/gcc/arm-none-eabi/9.3.1/thumb/v6-m/nofp/crtbegin.o
 .text          0x0000000008000108       0x14 /Users/sens/dev/toolchains/arm-gcc/bin/../lib/gcc/arm-none-eabi/9.3.1/../../../../arm-none-eabi/lib/thumb/v6-m/nofp/libc_nano.a(lib_a-strcmp.o)
                0x0000000008000108                strcmp
 .text          0x000000000800011c        0xe /Users/sens/dev/toolchains/arm-gcc/bin/../lib/gcc/arm-none-eabi/9.3.1/../../../../arm-none-eabi/lib/thumb/v6-m/nofp/libc_nano.a(lib_a-strlen.o)
                0x000000000800011c                strlen
 *fill*         0x000000000800012a        0x2 
 .text          0x000000000800012c       0x14 /Users/sens/dev/toolchains/arm-gcc/bin/../lib/gcc/arm-none-eabi/9.3.1/thumb/v6-m/nofp/libgcc.a(_thumb1_case_shi.o)
                0x000000000800012c                __gnu_thumb1_case_shi
 .text          0x0000000008000140      0x114 /Users/sens/dev/toolchains/arm-gcc/bin/../lib/gcc/arm-none-eabi/9.3.1/thumb/v6-m/nofp/libgcc.a(_udivsi3.o)
                0x0000000008000140                __udivsi3
                0x0000000008000140                __aeabi_uidiv
                0x000000000800024c                __aeabi_uidivmod
 .text          0x0000000008000254        0x4 /Users/sens/dev/toolchains/arm-gcc/bin/../lib/gcc/arm-none-eabi/9.3.1/thumb/v6-m/nofp/libgcc.a(_dvmd_tls.o)
                0x0000000008000254                __aeabi_ldiv0
                0x0000000008000254                __aeabi_idiv0
 .text          0x0000000008000258       0x7c /Users/sens/dev/toolchains/arm-gcc/bin/../lib/gcc/arm-none-eabi/9.3.1/thumb/v6-m/nofp/libgcc.a(_arm_cmpdf2.o)
                0x0000000008000258                __aeabi_cdrcmple
                0x0000000008000268                __aeabi_cdcmple
                0x0000000008000268                __aeabi_cdcmpeq
                0x0000000008000278                __aeabi_dcmpeq
                0x0000000008000284                __aeabi_dcmplt
                0x0000000008000298                __aeabi_dcmple
                0x00000000080002ac                __aeabi_dcmpgt
                0x00000000080002c0                __aeabi_dcmpge
 .text          0x00000000080002d4       0x40 /Users/sens/dev/toolchains/arm-gcc/bin/../lib/gcc/arm-none-eabi/9.3.1/thumb/v6-m/nofp/libgcc.a(_aeabi_uldivmod.o)
                0x00000000080002d4                __aeabi_uldivmod
 .text          0x0000000008000314       0x50 /Users/sens/dev/toolchains/arm-gcc/bin/../lib/gcc/arm-none-eabi/9.3.1/thumb/v6-m/nofp/libgcc.a(_muldi3.o)
                0x0000000008000314                __aeabi_lmul
                0x0000000008000314                __muldi3
 .text          0x0000000008000364       0x3c /Users/sens/dev/toolchains/arm-gcc/bin/../lib/gcc/arm-none-eabi/9.3.1/thumb/v6-m/nofp/libgcc.a(_fixunsdfsi.o)
                0x0000000008000364                __fixunsdfsi
                0x0000000008000364                __aeabi_d2uiz
 .text          0x00000000080003a0      0x198 /Users/sens/dev/toolchains/arm-gcc/bin/../lib/gcc/arm-none-eabi/9.3.1/thumb/v6-m/nofp/libgcc.a(_udivmoddi4.o)
                0x00000000080003a0                __udivmoddi4
 .text          0x0000000008000538      0x6d4 /Users/sens/dev/toolchains/arm-gcc/bin/../lib/gcc/arm-none-eabi/9.3.1/thumb/v6-m/nofp/libgcc.a(adddf3.o)
                0x0000000008000538                __aeabi_dadd
 .text          0x0000000008000c0c      0x5d0 /Users/sens/dev/toolchains/arm-gcc/bin/../lib/gcc/arm-none-eabi/9.3.1/thumb/v6-m/nofp/libgcc.a(divdf3.o)
                0x0000000008000c0c                __aeabi_ddiv
 .text          0x00000000080011dc       0x78 /Users/sens/dev/toolchains/arm-gcc/bin/../lib/gcc/arm-none-eabi/9.3.1/thumb/v6-m/nofp/libgcc.a(eqdf2.o)
                0x00000000080011dc                __eqdf2
                0x00000000080011dc                __nedf2
 .text          0x0000000008001254       0xe4 /Users/sens/dev/toolchains/arm-gcc/bin/../lib/gcc/arm-none-eabi/9.3.1/thumb/v6-m/nofp/libgcc.a(gedf2.o)
                0x0000000008001254                __gtdf2
                0x0000000008001254                __gedf2
 .text          0x0000000008001338       0xe0 /Users/sens/dev/toolchains/arm-gcc/bin/../lib/gcc/arm-none-eabi/9.3.1/thumb/v6-m/nofp/libgcc.a(ledf2.o)
                0x0000000008001338                __ltdf2
                0x0000000008001338                __ledf2
 .text          0x0000000008001418      0x4d8 /Users/sens/dev/toolchains/arm-gcc/bin/../lib/gcc/arm-none-eabi/9.3.1/thumb/v6-m/nofp/libgcc.a(muldf3.o)
                0x0000000008001418                __aeabi_dmul
 .text          0x00000000080018f0      0x724 /Users/sens/dev/toolchains/arm-gcc/bin/../lib/gcc/arm-none-eabi/9.3.1/thumb/v6-m/nofp/libgcc.a(subdf3.o)
                0x00000000080018f0                __aeabi_dsub
 .text          0x0000000008002014       0x3c /Users/sens/dev/toolchains/arm-gcc/bin/../lib/gcc/arm-none-eabi/9.3.1/thumb/v6-m/nofp/libgcc.a(unorddf2.o)
                0x0000000008002014                __aeabi_dcmpun
 .text          0x0000000008002050       0x6c /Users/sens/dev/toolchains/arm-gcc/bin/../lib/gcc/arm-none-eabi/9.3.1/thumb/v6-m/nofp/libgcc.a(fixdfsi.o)
                0x0000000008002050                __aeabi_d2iz
 .text          0x00000000080020bc       0x4c /Users/sens/dev/toolchains/arm-gcc/bin/../lib/gcc/arm-none-eabi/9.3.1/thumb/v6-m/nofp/libgcc.a(floatunsidf.o)
                0x00000000080020bc                __aeabi_ui2d
 .text          0x0000000008002108       0x3c /Users/sens/dev/toolchains/arm-gcc/bin/../lib/gcc/arm-none-eabi/9.3.1/thumb/v6-m/nofp/libgcc.a(_clzsi2.o)
                0x0000000008002108                __clzsi2
 .text          0x0000000008002144       0x18 /Users/sens/dev/toolchains/arm-gcc/bin/../lib/gcc/arm-none-eabi/9.3.1/thumb/v6-m/nofp/libgcc.a(_clzdi2.o)
                0x0000000008002144                __clzdi2
 *(.text*)
 .text.HAL_TIM_PWM_PulseFinishedCallback
                0x000000000800215c       0x14 build/main.o
                0x000000000800215c                HAL_TIM_PWM_PulseFinishedCallback
 .text.SystemClock_Config
                0x0000000008002170       0x64 build/main.o
                0x0000000008002170                SystemClock_Config
 .text.main     0x00000000080021d4       0x70 build/main.o
                0x00000000080021d4                main
 .text.Error_Handler
                0x0000000008002244        0x2 build/main.o
                0x0000000008002244                Error_Handler
 .text._gpio_mask_pos
                0x0000000008002246       0x1a build/ioctl.o
 .text.ioctl_cmd_available
                0x0000000008002260        0xc build/ioctl.o
                0x0000000008002260                ioctl_cmd_available
 .text.ioctl_init
                0x000000000800226c       0x80 build/ioctl.o
                0x000000000800226c                ioctl_init
 .text.ioctl_cdc_rx_callback
                0x00000000080022ec       0x94 build/ioctl.o
                0x00000000080022ec                ioctl_cdc_rx_callback
 .text.ioctl_clk_start
                0x0000000008002380       0x10 build/ioctl.o
                0x0000000008002380                ioctl_clk_start
 .text.ioctl_clk_stop
                0x0000000008002390       0x10 build/ioctl.o
                0x0000000008002390                ioctl_clk_stop
 .text.ioctl_clk_set_freq
                0x00000000080023a0       0x74 build/ioctl.o
                0x00000000080023a0                ioctl_clk_set_freq
 .text.ioctl_clk_pulse_callback
                0x0000000008002414       0x4c build/ioctl.o
                0x0000000008002414                ioctl_clk_pulse_callback
 .text.ioctl_reset_cpu
                0x0000000008002460       0x2c build/ioctl.o
                0x0000000008002460                ioctl_reset_cpu
 .text.ioctl_bus_ctl_input
                0x000000000800248c       0x60 build/ioctl.o
                0x000000000800248c                ioctl_bus_ctl_input
 .text.ioctl_bus_ctl_output
                0x00000000080024ec       0xa4 build/ioctl.o
                0x00000000080024ec                ioctl_bus_ctl_output
 .text.ioctl_bus_acquire
                0x0000000008002590       0x3c build/ioctl.o
                0x0000000008002590                ioctl_bus_acquire
 .text.ioctl_bus_acquired
                0x00000000080025cc       0x18 build/ioctl.o
                0x00000000080025cc                ioctl_bus_acquired
 .text.ioctl_bus_release
                0x00000000080025e4       0x18 build/ioctl.o
                0x00000000080025e4                ioctl_bus_release
 .text.ioctl_read_addr
                0x00000000080025fc       0x74 build/ioctl.o
                0x00000000080025fc                ioctl_read_addr
 .text.ioctl_read_data
                0x0000000008002670       0x5c build/ioctl.o
                0x0000000008002670                ioctl_read_data
 .text.ioctl_max7219_write
                0x00000000080026cc       0x5c build/ioctl.o
                0x00000000080026cc                ioctl_max7219_write
 .text.ioctl_write_addr
                0x0000000008002728       0x1a build/ioctl.o
                0x0000000008002728                ioctl_write_addr
 .text.ioctl_write_data
                0x0000000008002742        0xe build/ioctl.o
                0x0000000008002742                ioctl_write_data
 .text.ioctl_max7219_init
                0x0000000008002750       0x38 build/ioctl.o
                0x0000000008002750                ioctl_max7219_init
 .text.ioctl_max7219_shutdown
                0x0000000008002788       0x22 build/ioctl.o
                0x0000000008002788                ioctl_max7219_shutdown
 *fill*         0x00000000080027aa        0x2 
 .text.ioctl_cmd_handle
                0x00000000080027ac      0x2f8 build/ioctl.o
                0x00000000080027ac                ioctl_cmd_handle
 .text.MX_GPIO_Init
                0x0000000008002aa4      0x14c build/gpio.o
                0x0000000008002aa4                MX_GPIO_Init
 .text.NMI_Handler
                0x0000000008002bf0        0x2 build/stm32f0xx_it.o
                0x0000000008002bf0                NMI_Handler
 .text.HardFault_Handler
                0x0000000008002bf2        0x2 build/stm32f0xx_it.o
                0x0000000008002bf2                HardFault_Handler
 .text.SVC_Handler
                0x0000000008002bf4        0x2 build/stm32f0xx_it.o
                0x0000000008002bf4                SVC_Handler
 .text.PendSV_Handler
                0x0000000008002bf6        0x2 build/stm32f0xx_it.o
                0x0000000008002bf6                PendSV_Handler
 .text.SysTick_Handler
                0x0000000008002bf8        0x8 build/stm32f0xx_it.o
                0x0000000008002bf8                SysTick_Handler
 .text.EXTI4_15_IRQHandler
                0x0000000008002c00        0xc build/stm32f0xx_it.o
                0x0000000008002c00                EXTI4_15_IRQHandler
 .text.TIM16_IRQHandler
                0x0000000008002c0c       0x10 build/stm32f0xx_it.o
                0x0000000008002c0c                TIM16_IRQHandler
 .text.I2C1_IRQHandler
                0x0000000008002c1c       0x24 build/stm32f0xx_it.o
                0x0000000008002c1c                I2C1_IRQHandler
 .text.SPI1_IRQHandler
                0x0000000008002c40       0x10 build/stm32f0xx_it.o
                0x0000000008002c40                SPI1_IRQHandler
 .text.USB_IRQHandler
                0x0000000008002c50       0x10 build/stm32f0xx_it.o
                0x0000000008002c50                USB_IRQHandler
 .text.HAL_MspInit
                0x0000000008002c60       0x30 build/stm32f0xx_hal_msp.o
                0x0000000008002c60                HAL_MspInit
 .text.MX_USB_DEVICE_Init
                0x0000000008002c90       0x5c build/usb_device.o
                0x0000000008002c90                MX_USB_DEVICE_Init
 .text.USBD_FS_DeviceDescriptor
                0x0000000008002cec        0xc build/usbd_desc.o
                0x0000000008002cec                USBD_FS_DeviceDescriptor
 .text.USBD_FS_LangIDStrDescriptor
                0x0000000008002cf8        0xc build/usbd_desc.o
                0x0000000008002cf8                USBD_FS_LangIDStrDescriptor
 .text.IntToUnicode
                0x0000000008002d04       0x30 build/usbd_desc.o
 .text.Get_SerialNum
                0x0000000008002d34       0x40 build/usbd_desc.o
 .text.USBD_FS_SerialStrDescriptor
                0x0000000008002d74       0x14 build/usbd_desc.o
                0x0000000008002d74                USBD_FS_SerialStrDescriptor
 .text.USBD_FS_ProductStrDescriptor
                0x0000000008002d88       0x28 build/usbd_desc.o
                0x0000000008002d88                USBD_FS_ProductStrDescriptor
 .text.USBD_FS_ManufacturerStrDescriptor
                0x0000000008002db0       0x1c build/usbd_desc.o
                0x0000000008002db0                USBD_FS_ManufacturerStrDescriptor
 .text.USBD_FS_ConfigStrDescriptor
                0x0000000008002dcc       0x28 build/usbd_desc.o
                0x0000000008002dcc                USBD_FS_ConfigStrDescriptor
 .text.USBD_FS_InterfaceStrDescriptor
                0x0000000008002df4       0x28 build/usbd_desc.o
                0x0000000008002df4                USBD_FS_InterfaceStrDescriptor
 .text.CDC_DeInit_FS
                0x0000000008002e1c        0x4 build/usbd_cdc_if.o
 .text.CDC_Control_FS
                0x0000000008002e20        0x4 build/usbd_cdc_if.o
 .text.CDC_Receive_FS
                0x0000000008002e24       0x2c build/usbd_cdc_if.o
 .text.CDC_Init_FS
                0x0000000008002e50       0x28 build/usbd_cdc_if.o
 .text.CDC_Transmit_FS
                0x0000000008002e78       0x30 build/usbd_cdc_if.o
                0x0000000008002e78                CDC_Transmit_FS
 .text.USBD_Get_USB_Status
                0x0000000008002ea8       0x16 build/usbd_conf.o
 .text.SystemClockConfig_Resume
                0x0000000008002ebe        0x8 build/usbd_conf.o
 *fill*         0x0000000008002ec6        0x2 
 .text.HAL_PCD_MspInit
                0x0000000008002ec8       0x40 build/usbd_conf.o
                0x0000000008002ec8                HAL_PCD_MspInit
 .text.HAL_PCD_SetupStageCallback
                0x0000000008002f08       0x16 build/usbd_conf.o
                0x0000000008002f08                HAL_PCD_SetupStageCallback
 .text.HAL_PCD_DataOutStageCallback
                0x0000000008002f1e       0x1e build/usbd_conf.o
                0x0000000008002f1e                HAL_PCD_DataOutStageCallback
 .text.HAL_PCD_DataInStageCallback
                0x0000000008002f3c       0x1a build/usbd_conf.o
                0x0000000008002f3c                HAL_PCD_DataInStageCallback
 .text.HAL_PCD_SOFCallback
                0x0000000008002f56        0xe build/usbd_conf.o
                0x0000000008002f56                HAL_PCD_SOFCallback
 .text.HAL_PCD_ResetCallback
                0x0000000008002f64       0x24 build/usbd_conf.o
                0x0000000008002f64                HAL_PCD_ResetCallback
 .text.HAL_PCD_SuspendCallback
                0x0000000008002f88       0x24 build/usbd_conf.o
                0x0000000008002f88                HAL_PCD_SuspendCallback
 .text.HAL_PCD_ResumeCallback
                0x0000000008002fac       0x2c build/usbd_conf.o
                0x0000000008002fac                HAL_PCD_ResumeCallback
 .text.USBD_LL_Init
                0x0000000008002fd8       0x84 build/usbd_conf.o
                0x0000000008002fd8                USBD_LL_Init
 .text.USBD_LL_Start
                0x000000000800305c       0x12 build/usbd_conf.o
                0x000000000800305c                USBD_LL_Start
 .text.USBD_LL_OpenEP
                0x000000000800306e       0x18 build/usbd_conf.o
                0x000000000800306e                USBD_LL_OpenEP
 .text.USBD_LL_CloseEP
                0x0000000008003086       0x12 build/usbd_conf.o
                0x0000000008003086                USBD_LL_CloseEP
 .text.USBD_LL_StallEP
                0x0000000008003098       0x12 build/usbd_conf.o
                0x0000000008003098                USBD_LL_StallEP
 .text.USBD_LL_ClearStallEP
                0x00000000080030aa       0x12 build/usbd_conf.o
                0x00000000080030aa                USBD_LL_ClearStallEP
 .text.USBD_LL_IsStallEP
                0x00000000080030bc       0x32 build/usbd_conf.o
                0x00000000080030bc                USBD_LL_IsStallEP
 .text.USBD_LL_SetUSBAddress
                0x00000000080030ee       0x12 build/usbd_conf.o
                0x00000000080030ee                USBD_LL_SetUSBAddress
 .text.USBD_LL_Transmit
                0x0000000008003100       0x12 build/usbd_conf.o
                0x0000000008003100                USBD_LL_Transmit
 .text.USBD_LL_PrepareReceive
                0x0000000008003112       0x12 build/usbd_conf.o
                0x0000000008003112                USBD_LL_PrepareReceive
 .text.USBD_LL_GetRxDataSize
                0x0000000008003124        0xe build/usbd_conf.o
                0x0000000008003124                USBD_LL_GetRxDataSize
 *fill*         0x0000000008003132        0x2 
 .text.USBD_static_malloc
                0x0000000008003134        0x8 build/usbd_conf.o
                0x0000000008003134                USBD_static_malloc
 .text.USBD_static_free
                0x000000000800313c        0x2 build/usbd_conf.o
                0x000000000800313c                USBD_static_free
 .text.SystemInit
                0x000000000800313e        0x2 build/system_stm32f0xx.o
                0x000000000800313e                SystemInit
 .text.MX_I2C1_Init
                0x0000000008003140       0x60 build/i2c.o
                0x0000000008003140                MX_I2C1_Init
 .text.HAL_I2C_MspInit
                0x00000000080031a0       0x7c build/i2c.o
                0x00000000080031a0                HAL_I2C_MspInit
 .text.MX_SPI1_Init
                0x000000000800321c       0x50 build/spi.o
                0x000000000800321c                MX_SPI1_Init
 .text.HAL_SPI_MspInit
                0x000000000800326c       0x7c build/spi.o
                0x000000000800326c                HAL_SPI_MspInit
 .text.HAL_TIM_Base_MspInit
                0x00000000080032e8       0x40 build/tim.o
                0x00000000080032e8                HAL_TIM_Base_MspInit
 .text.HAL_TIM_MspPostInit
                0x0000000008003328       0x58 build/tim.o
                0x0000000008003328                HAL_TIM_MspPostInit
 .text.MX_TIM16_Init
                0x0000000008003380       0xb0 build/tim.o
                0x0000000008003380                MX_TIM16_Init
 .text.USB_EnableGlobalInt
                0x0000000008003430       0x14 build/stm32f0xx_ll_usb.o
                0x0000000008003430                USB_EnableGlobalInt
 .text.USB_DisableGlobalInt
                0x0000000008003444       0x14 build/stm32f0xx_ll_usb.o
                0x0000000008003444                USB_DisableGlobalInt
 .text.USB_DevInit
                0x0000000008003458       0x20 build/stm32f0xx_ll_usb.o
                0x0000000008003458                USB_DevInit
 .text.USB_ActivateEndpoint
                0x0000000008003478      0x308 build/stm32f0xx_ll_usb.o
                0x0000000008003478                USB_ActivateEndpoint
 .text.USB_DeactivateEndpoint
                0x0000000008003780      0x170 build/stm32f0xx_ll_usb.o
                0x0000000008003780                USB_DeactivateEndpoint
 .text.USB_EPSetStall
                0x00000000080038f0       0x4c build/stm32f0xx_ll_usb.o
                0x00000000080038f0                USB_EPSetStall
 .text.USB_EPClearStall
                0x000000000800393c       0x9c build/stm32f0xx_ll_usb.o
                0x000000000800393c                USB_EPClearStall
 .text.USB_SetDevAddress
                0x00000000080039d8        0xe build/stm32f0xx_ll_usb.o
                0x00000000080039d8                USB_SetDevAddress
 *fill*         0x00000000080039e6        0x2 
 .text.USB_DevConnect
                0x00000000080039e8       0x14 build/stm32f0xx_ll_usb.o
                0x00000000080039e8                USB_DevConnect
 .text.USB_ReadInterrupts
                0x00000000080039fc        0x8 build/stm32f0xx_ll_usb.o
                0x00000000080039fc                USB_ReadInterrupts
 .text.USB_WritePMA
                0x0000000008003a04       0x28 build/stm32f0xx_ll_usb.o
                0x0000000008003a04                USB_WritePMA
 .text.USB_EPStartXfer
                0x0000000008003a2c      0x6e0 build/stm32f0xx_ll_usb.o
                0x0000000008003a2c                USB_EPStartXfer
 .text.USB_ReadPMA
                0x000000000800410c       0x2c build/stm32f0xx_ll_usb.o
                0x000000000800410c                USB_ReadPMA
 .text.HAL_PCD_EP_DB_Receive
                0x0000000008004138      0x118 build/stm32f0xx_hal_pcd.o
 .text.HAL_PCD_Init
                0x0000000008004250       0xe4 build/stm32f0xx_hal_pcd.o
                0x0000000008004250                HAL_PCD_Init
 .text.HAL_PCD_Start
                0x0000000008004334       0x2e build/stm32f0xx_hal_pcd.o
                0x0000000008004334                HAL_PCD_Start
 *fill*         0x0000000008004362        0x2 
 .text.HAL_PCD_EP_DB_Transmit
                0x0000000008004364      0x3dc build/stm32f0xx_hal_pcd.o
 .text.PCD_EP_ISR_Handler
                0x0000000008004740      0x550 build/stm32f0xx_hal_pcd.o
 .text.HAL_PCD_SetAddress
                0x0000000008004c90       0x2c build/stm32f0xx_hal_pcd.o
                0x0000000008004c90                HAL_PCD_SetAddress
 .text.HAL_PCD_IRQHandler
                0x0000000008004cbc      0x1a8 build/stm32f0xx_hal_pcd.o
                0x0000000008004cbc                HAL_PCD_IRQHandler
 .text.HAL_PCD_EP_Open
                0x0000000008004e64       0x7e build/stm32f0xx_hal_pcd.o
                0x0000000008004e64                HAL_PCD_EP_Open
 .text.HAL_PCD_EP_Close
                0x0000000008004ee2       0x68 build/stm32f0xx_hal_pcd.o
                0x0000000008004ee2                HAL_PCD_EP_Close
 .text.HAL_PCD_EP_Receive
                0x0000000008004f4a       0x56 build/stm32f0xx_hal_pcd.o
                0x0000000008004f4a                HAL_PCD_EP_Receive
 .text.HAL_PCD_EP_GetRxCount
                0x0000000008004fa0       0x14 build/stm32f0xx_hal_pcd.o
                0x0000000008004fa0                HAL_PCD_EP_GetRxCount
 .text.HAL_PCD_EP_Transmit
                0x0000000008004fb4       0x5c build/stm32f0xx_hal_pcd.o
                0x0000000008004fb4                HAL_PCD_EP_Transmit
 .text.HAL_PCD_EP_SetStall
                0x0000000008005010       0x6e build/stm32f0xx_hal_pcd.o
                0x0000000008005010                HAL_PCD_EP_SetStall
 .text.HAL_PCD_EP_ClrStall
                0x000000000800507e       0x7a build/stm32f0xx_hal_pcd.o
                0x000000000800507e                HAL_PCD_EP_ClrStall
 .text.HAL_PCDEx_PMAConfig
                0x00000000080050f8       0x3a build/stm32f0xx_hal_pcd_ex.o
                0x00000000080050f8                HAL_PCDEx_PMAConfig
 .text.HAL_PCDEx_ActivateLPM
                0x0000000008005132       0x2a build/stm32f0xx_hal_pcd_ex.o
                0x0000000008005132                HAL_PCDEx_ActivateLPM
 .text.HAL_PCDEx_LPM_Callback
                0x000000000800515c        0x2 build/stm32f0xx_hal_pcd_ex.o
                0x000000000800515c                HAL_PCDEx_LPM_Callback
 *fill*         0x000000000800515e        0x2 
 .text.HAL_RCC_OscConfig
                0x0000000008005160      0x544 build/stm32f0xx_hal_rcc.o
                0x0000000008005160                HAL_RCC_OscConfig
 .text.HAL_RCC_GetSysClockFreq
                0x00000000080056a4       0x94 build/stm32f0xx_hal_rcc.o
                0x00000000080056a4                HAL_RCC_GetSysClockFreq
 .text.HAL_RCC_ClockConfig
                0x0000000008005738      0x144 build/stm32f0xx_hal_rcc.o
                0x0000000008005738                HAL_RCC_ClockConfig
 .text.HAL_RCCEx_PeriphCLKConfig
                0x000000000800587c      0x15c build/stm32f0xx_hal_rcc_ex.o
                0x000000000800587c                HAL_RCCEx_PeriphCLKConfig
 .text.HAL_InitTick
                0x00000000080059d8       0x50 build/stm32f0xx_hal.o
                0x00000000080059d8                HAL_InitTick
 .text.HAL_Init
                0x0000000008005a28       0x20 build/stm32f0xx_hal.o
                0x0000000008005a28                HAL_Init
 .text.HAL_IncTick
                0x0000000008005a48       0x18 build/stm32f0xx_hal.o
                0x0000000008005a48                HAL_IncTick
 .text.HAL_GetTick
                0x0000000008005a60        0xc build/stm32f0xx_hal.o
                0x0000000008005a60                HAL_GetTick
 .text.HAL_Delay
                0x0000000008005a6c       0x24 build/stm32f0xx_hal.o
                0x0000000008005a6c                HAL_Delay
 .text.I2C_Flush_TXDR
                0x0000000008005a90       0x1e build/stm32f0xx_hal_i2c.o
 .text.I2C_Disable_IRQ
                0x0000000008005aae       0x6c build/stm32f0xx_hal_i2c.o
 *fill*         0x0000000008005b1a        0x2 
 .text.HAL_I2C_Init
                0x0000000008005b1c       0xcc build/stm32f0xx_hal_i2c.o
                0x0000000008005b1c                HAL_I2C_Init
 .text.HAL_I2C_EV_IRQHandler
                0x0000000008005be8       0x12 build/stm32f0xx_hal_i2c.o
                0x0000000008005be8                HAL_I2C_EV_IRQHandler
 .text.HAL_I2C_SlaveTxCpltCallback
                0x0000000008005bfa        0x2 build/stm32f0xx_hal_i2c.o
                0x0000000008005bfa                HAL_I2C_SlaveTxCpltCallback
 .text.HAL_I2C_SlaveRxCpltCallback
                0x0000000008005bfc        0x2 build/stm32f0xx_hal_i2c.o
                0x0000000008005bfc                HAL_I2C_SlaveRxCpltCallback
 *fill*         0x0000000008005bfe        0x2 
 .text.I2C_ITSlaveSeqCplt
                0x0000000008005c00       0x84 build/stm32f0xx_hal_i2c.o
 .text.HAL_I2C_AddrCallback
                0x0000000008005c84        0x2 build/stm32f0xx_hal_i2c.o
                0x0000000008005c84                HAL_I2C_AddrCallback
 .text.I2C_ITAddrCplt
                0x0000000008005c86       0xa6 build/stm32f0xx_hal_i2c.o
 .text.HAL_I2C_ListenCpltCallback
                0x0000000008005d2c        0x2 build/stm32f0xx_hal_i2c.o
                0x0000000008005d2c                HAL_I2C_ListenCpltCallback
 *fill*         0x0000000008005d2e        0x2 
 .text.I2C_ITListenCplt
                0x0000000008005d30       0x68 build/stm32f0xx_hal_i2c.o
 .text.HAL_I2C_ErrorCallback
                0x0000000008005d98        0x2 build/stm32f0xx_hal_i2c.o
                0x0000000008005d98                HAL_I2C_ErrorCallback
 .text.HAL_I2C_AbortCpltCallback
                0x0000000008005d9a        0x2 build/stm32f0xx_hal_i2c.o
                0x0000000008005d9a                HAL_I2C_AbortCpltCallback
 .text.I2C_TreatErrorCallback
                0x0000000008005d9c       0x2c build/stm32f0xx_hal_i2c.o
 .text.I2C_ITError
                0x0000000008005dc8      0x110 build/stm32f0xx_hal_i2c.o
 .text.I2C_ITSlaveCplt
                0x0000000008005ed8      0x168 build/stm32f0xx_hal_i2c.o
 .text.I2C_Slave_ISR_IT
                0x0000000008006040      0x14c build/stm32f0xx_hal_i2c.o
 .text.HAL_I2C_ER_IRQHandler
                0x000000000800618c       0x5e build/stm32f0xx_hal_i2c.o
                0x000000000800618c                HAL_I2C_ER_IRQHandler
 .text.I2C_DMAAbort
                0x00000000080061ea       0x1e build/stm32f0xx_hal_i2c.o
 .text.HAL_I2CEx_ConfigAnalogFilter
                0x0000000008006208       0x58 build/stm32f0xx_hal_i2c_ex.o
                0x0000000008006208                HAL_I2CEx_ConfigAnalogFilter
 .text.HAL_I2CEx_ConfigDigitalFilter
                0x0000000008006260       0x54 build/stm32f0xx_hal_i2c_ex.o
                0x0000000008006260                HAL_I2CEx_ConfigDigitalFilter
 .text.HAL_GPIO_Init
                0x00000000080062b4      0x19c build/stm32f0xx_hal_gpio.o
                0x00000000080062b4                HAL_GPIO_Init
 .text.HAL_GPIO_ReadPin
                0x0000000008006450        0xe build/stm32f0xx_hal_gpio.o
                0x0000000008006450                HAL_GPIO_ReadPin
 .text.HAL_GPIO_WritePin
                0x000000000800645e        0xc build/stm32f0xx_hal_gpio.o
                0x000000000800645e                HAL_GPIO_WritePin
 .text.HAL_GPIO_TogglePin
                0x000000000800646a       0x10 build/stm32f0xx_hal_gpio.o
                0x000000000800646a                HAL_GPIO_TogglePin
 .text.HAL_GPIO_EXTI_Callback
                0x000000000800647a        0x2 build/stm32f0xx_hal_gpio.o
                0x000000000800647a                HAL_GPIO_EXTI_Callback
 .text.HAL_GPIO_EXTI_IRQHandler
                0x000000000800647c       0x1c build/stm32f0xx_hal_gpio.o
                0x000000000800647c                HAL_GPIO_EXTI_IRQHandler
 .text.HAL_DMA_Abort_IT
                0x0000000008006498       0x4a build/stm32f0xx_hal_dma.o
                0x0000000008006498                HAL_DMA_Abort_IT
 .text.HAL_DMA_GetState
                0x00000000080064e2        0x8 build/stm32f0xx_hal_dma.o
                0x00000000080064e2                HAL_DMA_GetState
 *fill*         0x00000000080064ea        0x2 
 .text.HAL_NVIC_SetPriority
                0x00000000080064ec       0x60 build/stm32f0xx_hal_cortex.o
                0x00000000080064ec                HAL_NVIC_SetPriority
 .text.HAL_NVIC_EnableIRQ
                0x000000000800654c       0x18 build/stm32f0xx_hal_cortex.o
                0x000000000800654c                HAL_NVIC_EnableIRQ
 .text.HAL_SYSTICK_Config
                0x0000000008006564       0x38 build/stm32f0xx_hal_cortex.o
                0x0000000008006564                HAL_SYSTICK_Config
 .text.SPI_WaitFlagStateUntilTimeout
                0x000000000800659c       0xe8 build/stm32f0xx_hal_spi.o
 .text.SPI_WaitFifoStateUntilTimeout
                0x0000000008006684      0x114 build/stm32f0xx_hal_spi.o
 .text.SPI_EndRxTxTransaction
                0x0000000008006798       0x68 build/stm32f0xx_hal_spi.o
 .text.HAL_SPI_Init
                0x0000000008006800      0x104 build/stm32f0xx_hal_spi.o
                0x0000000008006800                HAL_SPI_Init
 .text.HAL_SPI_Transmit
                0x0000000008006904      0x1b2 build/stm32f0xx_hal_spi.o
                0x0000000008006904                HAL_SPI_Transmit
 .text.HAL_SPI_ErrorCallback
                0x0000000008006ab6        0x2 build/stm32f0xx_hal_spi.o
                0x0000000008006ab6                HAL_SPI_ErrorCallback
 .text.HAL_SPI_IRQHandler
                0x0000000008006ab8      0x124 build/stm32f0xx_hal_spi.o
                0x0000000008006ab8                HAL_SPI_IRQHandler
 .text.SPI_DMAAbortOnError
                0x0000000008006bdc       0x12 build/stm32f0xx_hal_spi.o
 *fill*         0x0000000008006bee        0x2 
 .text.TIM_OC1_SetConfig
                0x0000000008006bf0       0x88 build/stm32f0xx_hal_tim.o
 .text.TIM_OC3_SetConfig
                0x0000000008006c78       0x90 build/stm32f0xx_hal_tim.o
 .text.TIM_OC4_SetConfig
                0x0000000008006d08       0x74 build/stm32f0xx_hal_tim.o
 .text.HAL_TIM_Base_Start
                0x0000000008006d7c       0x60 build/stm32f0xx_hal_tim.o
                0x0000000008006d7c                HAL_TIM_Base_Start
 .text.HAL_TIM_PWM_MspInit
                0x0000000008006ddc        0x2 build/stm32f0xx_hal_tim.o
                0x0000000008006ddc                HAL_TIM_PWM_MspInit
 .text.HAL_TIM_PeriodElapsedCallback
                0x0000000008006dde        0x2 build/stm32f0xx_hal_tim.o
                0x0000000008006dde                HAL_TIM_PeriodElapsedCallback
 .text.HAL_TIM_OC_DelayElapsedCallback
                0x0000000008006de0        0x2 build/stm32f0xx_hal_tim.o
                0x0000000008006de0                HAL_TIM_OC_DelayElapsedCallback
 .text.HAL_TIM_IC_CaptureCallback
                0x0000000008006de2        0x2 build/stm32f0xx_hal_tim.o
                0x0000000008006de2                HAL_TIM_IC_CaptureCallback
 .text.HAL_TIM_TriggerCallback
                0x0000000008006de4        0x2 build/stm32f0xx_hal_tim.o
                0x0000000008006de4                HAL_TIM_TriggerCallback
 .text.HAL_TIM_IRQHandler
                0x0000000008006de6      0x15a build/stm32f0xx_hal_tim.o
                0x0000000008006de6                HAL_TIM_IRQHandler
 .text.TIM_Base_SetConfig
                0x0000000008006f40       0xa4 build/stm32f0xx_hal_tim.o
                0x0000000008006f40                TIM_Base_SetConfig
 .text.HAL_TIM_Base_Init
                0x0000000008006fe4       0x58 build/stm32f0xx_hal_tim.o
                0x0000000008006fe4                HAL_TIM_Base_Init
 .text.HAL_TIM_PWM_Init
                0x000000000800703c       0x58 build/stm32f0xx_hal_tim.o
                0x000000000800703c                HAL_TIM_PWM_Init
 .text.TIM_OC2_SetConfig
                0x0000000008007094       0x88 build/stm32f0xx_hal_tim.o
                0x0000000008007094                TIM_OC2_SetConfig
 .text.HAL_TIM_PWM_ConfigChannel
                0x000000000800711c       0xf0 build/stm32f0xx_hal_tim.o
                0x000000000800711c                HAL_TIM_PWM_ConfigChannel
 .text.TIM_CCxChannelCmd
                0x000000000800720c       0x1a build/stm32f0xx_hal_tim.o
                0x000000000800720c                TIM_CCxChannelCmd
 *fill*         0x0000000008007226        0x2 
 .text.HAL_TIM_PWM_Start_IT
                0x0000000008007228      0x144 build/stm32f0xx_hal_tim.o
                0x0000000008007228                HAL_TIM_PWM_Start_IT
 .text.HAL_TIM_PWM_Stop_IT
                0x000000000800736c       0xf8 build/stm32f0xx_hal_tim.o
                0x000000000800736c                HAL_TIM_PWM_Stop_IT
 .text.HAL_TIMEx_ConfigBreakDeadTime
                0x0000000008007464       0x6c build/stm32f0xx_hal_tim_ex.o
                0x0000000008007464                HAL_TIMEx_ConfigBreakDeadTime
 .text.HAL_TIMEx_CommutCallback
                0x00000000080074d0        0x2 build/stm32f0xx_hal_tim_ex.o
                0x00000000080074d0                HAL_TIMEx_CommutCallback
 .text.HAL_TIMEx_BreakCallback
                0x00000000080074d2        0x2 build/stm32f0xx_hal_tim_ex.o
                0x00000000080074d2                HAL_TIMEx_BreakCallback
 .text.USBD_Init
                0x00000000080074d4       0x38 build/usbd_core.o
                0x00000000080074d4                USBD_Init
 .text.USBD_RegisterClass
                0x000000000800750c       0x12 build/usbd_core.o
                0x000000000800750c                USBD_RegisterClass
 .text.USBD_Start
                0x000000000800751e        0xa build/usbd_core.o
                0x000000000800751e                USBD_Start
 .text.USBD_SetClassConfig
                0x0000000008007528       0x1e build/usbd_core.o
                0x0000000008007528                USBD_SetClassConfig
 .text.USBD_ClrClassConfig
                0x0000000008007546       0x10 build/usbd_core.o
                0x0000000008007546                USBD_ClrClassConfig
 *fill*         0x0000000008007556        0x2 
 .text.USBD_LL_SetupStage
                0x0000000008007558       0x64 build/usbd_core.o
                0x0000000008007558                USBD_LL_SetupStage
 .text.USBD_LL_DataOutStage
                0x00000000080075bc       0xa4 build/usbd_core.o
                0x00000000080075bc                USBD_LL_DataOutStage
 .text.USBD_LL_DataInStage
                0x0000000008007660       0xea build/usbd_core.o
                0x0000000008007660                USBD_LL_DataInStage
 .text.USBD_LL_Reset
                0x000000000800774a       0x5e build/usbd_core.o
                0x000000000800774a                USBD_LL_Reset
 .text.USBD_LL_SetSpeed
                0x00000000080077a8        0x6 build/usbd_core.o
                0x00000000080077a8                USBD_LL_SetSpeed
 *fill*         0x00000000080077ae        0x2 
 .text.USBD_LL_Suspend
                0x00000000080077b0       0x18 build/usbd_core.o
                0x00000000080077b0                USBD_LL_Suspend
 .text.USBD_LL_Resume
                0x00000000080077c8       0x1c build/usbd_core.o
                0x00000000080077c8                USBD_LL_Resume
 .text.USBD_LL_SOF
                0x00000000080077e4       0x20 build/usbd_core.o
                0x00000000080077e4                USBD_LL_SOF
 .text.USBD_GetLen
                0x0000000008007804       0x14 build/usbd_ctlreq.o
 .text.USBD_SetFeature
                0x0000000008007818       0x18 build/usbd_ctlreq.o
 .text.USBD_ParseSetupRequest
                0x0000000008007830       0x28 build/usbd_ctlreq.o
                0x0000000008007830                USBD_ParseSetupRequest
 .text.USBD_CtlError
                0x0000000008007858       0x14 build/usbd_ctlreq.o
                0x0000000008007858                USBD_CtlError
 .text.USBD_GetDescriptor
                0x000000000800786c      0x1b8 build/usbd_ctlreq.o
 .text.USBD_SetAddress
                0x0000000008007a24       0x60 build/usbd_ctlreq.o
 .text.USBD_SetConfig
                0x0000000008007a84       0xb8 build/usbd_ctlreq.o
 .text.USBD_GetConfig
                0x0000000008007b3c       0x40 build/usbd_ctlreq.o
 .text.USBD_GetStatus
                0x0000000008007b7c       0x3e build/usbd_ctlreq.o
 .text.USBD_ClrFeature
                0x0000000008007bba       0x2a build/usbd_ctlreq.o
 .text.USBD_StdDevReq
                0x0000000008007be4       0x6c build/usbd_ctlreq.o
                0x0000000008007be4                USBD_StdDevReq
 .text.USBD_StdItfReq
                0x0000000008007c50       0x66 build/usbd_ctlreq.o
                0x0000000008007c50                USBD_StdItfReq
 .text.USBD_StdEPReq
                0x0000000008007cb6      0x210 build/usbd_ctlreq.o
                0x0000000008007cb6                USBD_StdEPReq
 .text.USBD_GetString
                0x0000000008007ec6       0x3a build/usbd_ctlreq.o
                0x0000000008007ec6                USBD_GetString
 .text.USBD_CtlSendData
                0x0000000008007f00       0x1c build/usbd_ioreq.o
                0x0000000008007f00                USBD_CtlSendData
 .text.USBD_CtlContinueSendData
                0x0000000008007f1c       0x10 build/usbd_ioreq.o
                0x0000000008007f1c                USBD_CtlContinueSendData
 .text.USBD_CtlPrepareRx
                0x0000000008007f2c       0x22 build/usbd_ioreq.o
                0x0000000008007f2c                USBD_CtlPrepareRx
 .text.USBD_CtlContinueRx
                0x0000000008007f4e       0x10 build/usbd_ioreq.o
                0x0000000008007f4e                USBD_CtlContinueRx
 .text.USBD_CtlSendStatus
                0x0000000008007f5e       0x18 build/usbd_ioreq.o
                0x0000000008007f5e                USBD_CtlSendStatus
 .text.USBD_CtlReceiveStatus
                0x0000000008007f76       0x18 build/usbd_ioreq.o
                0x0000000008007f76                USBD_CtlReceiveStatus
 *fill*         0x0000000008007f8e        0x2 
 .text.USBD_CDC_EP0_RxReady
                0x0000000008007f90       0x34 build/usbd_cdc.o
 .text.USBD_CDC_GetFSCfgDesc
                0x0000000008007fc4        0xc build/usbd_cdc.o
 .text.USBD_CDC_GetHSCfgDesc
                0x0000000008007fd0        0xc build/usbd_cdc.o
 .text.USBD_CDC_GetOtherSpeedCfgDesc
                0x0000000008007fdc        0xc build/usbd_cdc.o
 .text.USBD_CDC_GetDeviceQualifierDescriptor
                0x0000000008007fe8        0xc build/usbd_cdc.o
                0x0000000008007fe8                USBD_CDC_GetDeviceQualifierDescriptor
 .text.USBD_CDC_DataOut
                0x0000000008007ff4       0x36 build/usbd_cdc.o
 .text.USBD_CDC_DataIn
                0x000000000800802a       0x5c build/usbd_cdc.o
 *fill*         0x0000000008008086        0x2 
 .text.USBD_CDC_Setup
                0x0000000008008088       0xf0 build/usbd_cdc.o
 .text.USBD_CDC_DeInit
                0x0000000008008178       0x4c build/usbd_cdc.o
 .text.USBD_CDC_Init
                0x00000000080081c4       0xbc build/usbd_cdc.o
 .text.USBD_CDC_RegisterInterface
                0x0000000008008280       0x12 build/usbd_cdc.o
                0x0000000008008280                USBD_CDC_RegisterInterface
 .text.USBD_CDC_SetTxBuffer
                0x0000000008008292       0x16 build/usbd_cdc.o
                0x0000000008008292                USBD_CDC_SetTxBuffer
 .text.USBD_CDC_SetRxBuffer
                0x00000000080082a8        0xe build/usbd_cdc.o
                0x00000000080082a8                USBD_CDC_SetRxBuffer
 .text.USBD_CDC_TransmitPacket
                0x00000000080082b6       0x3e build/usbd_cdc.o
                0x00000000080082b6                USBD_CDC_TransmitPacket
 .text.USBD_CDC_ReceivePacket
                0x00000000080082f4       0x3c build/usbd_cdc.o
                0x00000000080082f4                USBD_CDC_ReceivePacket
 .text.Reset_Handler
                0x0000000008008330       0x50 build/startup_stm32f072xb.o
                0x0000000008008330                Reset_Handler
 .text.Default_Handler
                0x0000000008008380        0x2 build/startup_stm32f072xb.o
                0x0000000008008380                TIM1_BRK_UP_TRG_COM_IRQHandler
                0x0000000008008380                TSC_IRQHandler
                0x0000000008008380                ADC1_COMP_IRQHandler
                0x0000000008008380                RCC_CRS_IRQHandler
                0x0000000008008380                TIM6_DAC_IRQHandler
                0x0000000008008380                USART3_4_IRQHandler
                0x0000000008008380                EXTI2_3_IRQHandler
                0x0000000008008380                I2C2_IRQHandler
                0x0000000008008380                TIM17_IRQHandler
                0x0000000008008380                CEC_CAN_IRQHandler
                0x0000000008008380                RTC_IRQHandler
                0x0000000008008380                PVD_VDDIO2_IRQHandler
                0x0000000008008380                DMA1_Channel4_5_6_7_IRQHandler
                0x0000000008008380                TIM3_IRQHandler
                0x0000000008008380                DMA1_Channel1_IRQHandler
                0x0000000008008380                Default_Handler
                0x0000000008008380                TIM14_IRQHandler
                0x0000000008008380                TIM7_IRQHandler
                0x0000000008008380                TIM15_IRQHandler
                0x0000000008008380                EXTI0_1_IRQHandler
                0x0000000008008380                SPI2_IRQHandler
                0x0000000008008380                WWDG_IRQHandler
                0x0000000008008380                TIM2_IRQHandler
                0x0000000008008380                DMA1_Channel2_3_IRQHandler
                0x0000000008008380                USART2_IRQHandler
                0x0000000008008380                FLASH_IRQHandler
                0x0000000008008380                USART1_IRQHandler
                0x0000000008008380                TIM1_CC_IRQHandler
 *fill*         0x0000000008008382        0x2 
 .text.__libc_init_array
                0x0000000008008384       0x48 /Users/sens/dev/toolchains/arm-gcc/bin/../lib/gcc/arm-none-eabi/9.3.1/../../../../arm-none-eabi/lib/thumb/v6-m/nofp/libc_nano.a(lib_a-init.o)
                0x0000000008008384                __libc_init_array
 .text.memset   0x00000000080083cc       0x10 /Users/sens/dev/toolchains/arm-gcc/bin/../lib/gcc/arm-none-eabi/9.3.1/../../../../arm-none-eabi/lib/thumb/v6-m/nofp/libc_nano.a(lib_a-memset.o)
                0x00000000080083cc                memset
 .text.sprintf  0x00000000080083dc       0x40 /Users/sens/dev/toolchains/arm-gcc/bin/../lib/gcc/arm-none-eabi/9.3.1/../../../../arm-none-eabi/lib/thumb/v6-m/nofp/libc_nano.a(lib_a-sprintf.o)
                0x00000000080083dc                sprintf
                0x00000000080083dc                siprintf
 .text.strcpy   0x000000000800841c       0x10 /Users/sens/dev/toolchains/arm-gcc/bin/../lib/gcc/arm-none-eabi/9.3.1/../../../../arm-none-eabi/lib/thumb/v6-m/nofp/libc_nano.a(lib_a-strcpy.o)
                0x000000000800841c                strcpy
 .text.strtok   0x000000000800842c       0x68 /Users/sens/dev/toolchains/arm-gcc/bin/../lib/gcc/arm-none-eabi/9.3.1/../../../../arm-none-eabi/lib/thumb/v6-m/nofp/libc_nano.a(lib_a-strtok.o)
                0x000000000800842c                strtok
 .text.__strtok_r
                0x0000000008008494       0x5e /Users/sens/dev/toolchains/arm-gcc/bin/../lib/gcc/arm-none-eabi/9.3.1/../../../../arm-none-eabi/lib/thumb/v6-m/nofp/libc_nano.a(lib_a-strtok_r.o)
                0x0000000008008494                __strtok_r
 *fill*         0x00000000080084f2        0x2 
 .text._strtol_l.isra.0
                0x00000000080084f4      0x11c /Users/sens/dev/toolchains/arm-gcc/bin/../lib/gcc/arm-none-eabi/9.3.1/../../../../arm-none-eabi/lib/thumb/v6-m/nofp/libc_nano.a(lib_a-strtol.o)
 .text.strtol   0x0000000008008610       0x18 /Users/sens/dev/toolchains/arm-gcc/bin/../lib/gcc/arm-none-eabi/9.3.1/../../../../arm-none-eabi/lib/thumb/v6-m/nofp/libc_nano.a(lib_a-strtol.o)
                0x0000000008008610                strtol
 .text._strtoll_l.isra.0
                0x0000000008008628      0x15c /Users/sens/dev/toolchains/arm-gcc/bin/../lib/gcc/arm-none-eabi/9.3.1/../../../../arm-none-eabi/lib/thumb/v6-m/nofp/libc_nano.a(lib_a-strtoll.o)
 .text.strtoll  0x0000000008008784       0x18 /Users/sens/dev/toolchains/arm-gcc/bin/../lib/gcc/arm-none-eabi/9.3.1/../../../../arm-none-eabi/lib/thumb/v6-m/nofp/libc_nano.a(lib_a-strtoll.o)
                0x0000000008008784                strtoll
 .text.__assert_func
                0x000000000800879c       0x3c /Users/sens/dev/toolchains/arm-gcc/bin/../lib/gcc/arm-none-eabi/9.3.1/../../../../arm-none-eabi/lib/thumb/v6-m/nofp/libc_nano.a(lib_a-assert.o)
                0x000000000800879c                __assert_func
 .text.__errno  0x00000000080087d8        0xc /Users/sens/dev/toolchains/arm-gcc/bin/../lib/gcc/arm-none-eabi/9.3.1/../../../../arm-none-eabi/lib/thumb/v6-m/nofp/libc_nano.a(lib_a-errno.o)
                0x00000000080087d8                __errno
 .text.fprintf  0x00000000080087e4       0x20 /Users/sens/dev/toolchains/arm-gcc/bin/../lib/gcc/arm-none-eabi/9.3.1/../../../../arm-none-eabi/lib/thumb/v6-m/nofp/libc_nano.a(lib_a-fprintf.o)
                0x00000000080087e4                fprintf
                0x00000000080087e4                fiprintf
 .text.malloc   0x0000000008008804       0x14 /Users/sens/dev/toolchains/arm-gcc/bin/../lib/gcc/arm-none-eabi/9.3.1/../../../../arm-none-eabi/lib/thumb/v6-m/nofp/libc_nano.a(lib_a-malloc.o)
                0x0000000008008804                malloc
 .text._free_r  0x0000000008008818       0x94 /Users/sens/dev/toolchains/arm-gcc/bin/../lib/gcc/arm-none-eabi/9.3.1/../../../../arm-none-eabi/lib/thumb/v6-m/nofp/libc_nano.a(lib_a-nano-freer.o)
                0x0000000008008818                _free_r
 .text._malloc_r
                0x00000000080088ac       0xbc /Users/sens/dev/toolchains/arm-gcc/bin/../lib/gcc/arm-none-eabi/9.3.1/../../../../arm-none-eabi/lib/thumb/v6-m/nofp/libc_nano.a(lib_a-nano-mallocr.o)
                0x00000000080088ac                _malloc_r
 .text.__ssputs_r
                0x0000000008008968       0xc4 /Users/sens/dev/toolchains/arm-gcc/bin/../lib/gcc/arm-none-eabi/9.3.1/../../../../arm-none-eabi/lib/thumb/v6-m/nofp/libc_nano.a(lib_a-nano-svfprintf.o)
                0x0000000008008968                __ssputs_r
 .text._svfprintf_r
                0x0000000008008a2c      0x200 /Users/sens/dev/toolchains/arm-gcc/bin/../lib/gcc/arm-none-eabi/9.3.1/../../../../arm-none-eabi/lib/thumb/v6-m/nofp/libc_nano.a(lib_a-nano-svfprintf.o)
                0x0000000008008a2c                _svfprintf_r
                0x0000000008008a2c                _svfiprintf_r
 .text.__sfputc_r
                0x0000000008008c2c       0x2a /Users/sens/dev/toolchains/arm-gcc/bin/../lib/gcc/arm-none-eabi/9.3.1/../../../../arm-none-eabi/lib/thumb/v6-m/nofp/libc_nano.a(lib_a-nano-vfprintf.o)
 .text.__sfputs_r
                0x0000000008008c56       0x24 /Users/sens/dev/toolchains/arm-gcc/bin/../lib/gcc/arm-none-eabi/9.3.1/../../../../arm-none-eabi/lib/thumb/v6-m/nofp/libc_nano.a(lib_a-nano-vfprintf.o)
                0x0000000008008c56                __sfputs_r
 *fill*         0x0000000008008c7a        0x2 
 .text._vfprintf_r
                0x0000000008008c7c      0x274 /Users/sens/dev/toolchains/arm-gcc/bin/../lib/gcc/arm-none-eabi/9.3.1/../../../../arm-none-eabi/lib/thumb/v6-m/nofp/libc_nano.a(lib_a-nano-vfprintf.o)
                0x0000000008008c7c                _vfiprintf_r
                0x0000000008008c7c                _vfprintf_r
 .text._printf_common
                0x0000000008008ef0       0xde /Users/sens/dev/toolchains/arm-gcc/bin/../lib/gcc/arm-none-eabi/9.3.1/../../../../arm-none-eabi/lib/thumb/v6-m/nofp/libc_nano.a(lib_a-nano-vfprintf_i.o)
                0x0000000008008ef0                _printf_common
 *fill*         0x0000000008008fce        0x2 
 .text._printf_i
                0x0000000008008fd0      0x224 /Users/sens/dev/toolchains/arm-gcc/bin/../lib/gcc/arm-none-eabi/9.3.1/../../../../arm-none-eabi/lib/thumb/v6-m/nofp/libc_nano.a(lib_a-nano-vfprintf_i.o)
                0x0000000008008fd0                _printf_i
 .text._sbrk_r  0x00000000080091f4       0x24 /Users/sens/dev/toolchains/arm-gcc/bin/../lib/gcc/arm-none-eabi/9.3.1/../../../../arm-none-eabi/lib/thumb/v6-m/nofp/libc_nano.a(lib_a-sbrkr.o)
                0x00000000080091f4                _sbrk_r
 .text.__swbuf_r
                0x0000000008009218       0xac /Users/sens/dev/toolchains/arm-gcc/bin/../lib/gcc/arm-none-eabi/9.3.1/../../../../arm-none-eabi/lib/thumb/v6-m/nofp/libc_nano.a(lib_a-wbuf.o)
                0x0000000008009218                __swbuf_r
 .text.__swsetup_r
                0x00000000080092c4       0xf0 /Users/sens/dev/toolchains/arm-gcc/bin/../lib/gcc/arm-none-eabi/9.3.1/../../../../arm-none-eabi/lib/thumb/v6-m/nofp/libc_nano.a(lib_a-wsetup.o)
                0x00000000080092c4                __swsetup_r
 .text.abort    0x00000000080093b4        0xe /Users/sens/dev/toolchains/arm-gcc/bin/../lib/gcc/arm-none-eabi/9.3.1/../../../../arm-none-eabi/lib/thumb/v6-m/nofp/libc_nano.a(lib_a-abort.o)
                0x00000000080093b4                abort
 *fill*         0x00000000080093c2        0x2 
 .text.__sflush_r
                0x00000000080093c4      0x118 /Users/sens/dev/toolchains/arm-gcc/bin/../lib/gcc/arm-none-eabi/9.3.1/../../../../arm-none-eabi/lib/thumb/v6-m/nofp/libc_nano.a(lib_a-fflush.o)
                0x00000000080093c4                __sflush_r
 .text._fflush_r
                0x00000000080094dc       0x80 /Users/sens/dev/toolchains/arm-gcc/bin/../lib/gcc/arm-none-eabi/9.3.1/../../../../arm-none-eabi/lib/thumb/v6-m/nofp/libc_nano.a(lib_a-fflush.o)
                0x00000000080094dc                _fflush_r
 .text.std      0x000000000800955c       0x48 /Users/sens/dev/toolchains/arm-gcc/bin/../lib/gcc/arm-none-eabi/9.3.1/../../../../arm-none-eabi/lib/thumb/v6-m/nofp/libc_nano.a(lib_a-findfp.o)
 .text._cleanup_r
                0x00000000080095a4       0x10 /Users/sens/dev/toolchains/arm-gcc/bin/../lib/gcc/arm-none-eabi/9.3.1/../../../../arm-none-eabi/lib/thumb/v6-m/nofp/libc_nano.a(lib_a-findfp.o)
                0x00000000080095a4                _cleanup_r
 .text.__sfmoreglue
                0x00000000080095b4       0x2c /Users/sens/dev/toolchains/arm-gcc/bin/../lib/gcc/arm-none-eabi/9.3.1/../../../../arm-none-eabi/lib/thumb/v6-m/nofp/libc_nano.a(lib_a-findfp.o)
                0x00000000080095b4                __sfmoreglue
 .text.__sfp_lock_acquire
                0x00000000080095e0       0x10 /Users/sens/dev/toolchains/arm-gcc/bin/../lib/gcc/arm-none-eabi/9.3.1/../../../../arm-none-eabi/lib/thumb/v6-m/nofp/libc_nano.a(lib_a-findfp.o)
                0x00000000080095e0                __sfp_lock_acquire
 .text.__sfp_lock_release
                0x00000000080095f0       0x10 /Users/sens/dev/toolchains/arm-gcc/bin/../lib/gcc/arm-none-eabi/9.3.1/../../../../arm-none-eabi/lib/thumb/v6-m/nofp/libc_nano.a(lib_a-findfp.o)
                0x00000000080095f0                __sfp_lock_release
 .text.__sinit_lock_acquire
                0x0000000008009600       0x10 /Users/sens/dev/toolchains/arm-gcc/bin/../lib/gcc/arm-none-eabi/9.3.1/../../../../arm-none-eabi/lib/thumb/v6-m/nofp/libc_nano.a(lib_a-findfp.o)
                0x0000000008009600                __sinit_lock_acquire
 .text.__sinit_lock_release
                0x0000000008009610       0x10 /Users/sens/dev/toolchains/arm-gcc/bin/../lib/gcc/arm-none-eabi/9.3.1/../../../../arm-none-eabi/lib/thumb/v6-m/nofp/libc_nano.a(lib_a-findfp.o)
                0x0000000008009610                __sinit_lock_release
 .text.__sinit  0x0000000008009620       0x70 /Users/sens/dev/toolchains/arm-gcc/bin/../lib/gcc/arm-none-eabi/9.3.1/../../../../arm-none-eabi/lib/thumb/v6-m/nofp/libc_nano.a(lib_a-findfp.o)
                0x0000000008009620                __sinit
 .text.__sfp    0x0000000008009690       0x90 /Users/sens/dev/toolchains/arm-gcc/bin/../lib/gcc/arm-none-eabi/9.3.1/../../../../arm-none-eabi/lib/thumb/v6-m/nofp/libc_nano.a(lib_a-findfp.o)
                0x0000000008009690                __sfp
 .text._fwalk_reent
                0x0000000008009720       0x40 /Users/sens/dev/toolchains/arm-gcc/bin/../lib/gcc/arm-none-eabi/9.3.1/../../../../arm-none-eabi/lib/thumb/v6-m/nofp/libc_nano.a(lib_a-fwalk.o)
                0x0000000008009720                _fwalk_reent
 .text.__retarget_lock_init_recursive
                0x0000000008009760        0x2 /Users/sens/dev/toolchains/arm-gcc/bin/../lib/gcc/arm-none-eabi/9.3.1/../../../../arm-none-eabi/lib/thumb/v6-m/nofp/libc_nano.a(lib_a-lock.o)
                0x0000000008009760                __retarget_lock_init_recursive
 .text.__retarget_lock_acquire_recursive
                0x0000000008009762        0x2 /Users/sens/dev/toolchains/arm-gcc/bin/../lib/gcc/arm-none-eabi/9.3.1/../../../../arm-none-eabi/lib/thumb/v6-m/nofp/libc_nano.a(lib_a-lock.o)
                0x0000000008009762                __retarget_lock_acquire_recursive
 .text.__retarget_lock_release_recursive
                0x0000000008009764        0x2 /Users/sens/dev/toolchains/arm-gcc/bin/../lib/gcc/arm-none-eabi/9.3.1/../../../../arm-none-eabi/lib/thumb/v6-m/nofp/libc_nano.a(lib_a-lock.o)
                0x0000000008009764                __retarget_lock_release_recursive
 *fill*         0x0000000008009766        0x2 
 .text.__swhatbuf_r
                0x0000000008009768       0x50 /Users/sens/dev/toolchains/arm-gcc/bin/../lib/gcc/arm-none-eabi/9.3.1/../../../../arm-none-eabi/lib/thumb/v6-m/nofp/libc_nano.a(lib_a-makebuf.o)
                0x0000000008009768                __swhatbuf_r
 .text.__smakebuf_r
                0x00000000080097b8       0x88 /Users/sens/dev/toolchains/arm-gcc/bin/../lib/gcc/arm-none-eabi/9.3.1/../../../../arm-none-eabi/lib/thumb/v6-m/nofp/libc_nano.a(lib_a-makebuf.o)
                0x00000000080097b8                __smakebuf_r
 .text.memchr   0x0000000008009840       0x16 /Users/sens/dev/toolchains/arm-gcc/bin/../lib/gcc/arm-none-eabi/9.3.1/../../../../arm-none-eabi/lib/thumb/v6-m/nofp/libc_nano.a(lib_a-memchr-stub.o)
                0x0000000008009840                memchr
 .text.memcpy   0x0000000008009856       0x12 /Users/sens/dev/toolchains/arm-gcc/bin/../lib/gcc/arm-none-eabi/9.3.1/../../../../arm-none-eabi/lib/thumb/v6-m/nofp/libc_nano.a(lib_a-memcpy-stub.o)
                0x0000000008009856                memcpy
 .text.memmove  0x0000000008009868       0x26 /Users/sens/dev/toolchains/arm-gcc/bin/../lib/gcc/arm-none-eabi/9.3.1/../../../../arm-none-eabi/lib/thumb/v6-m/nofp/libc_nano.a(lib_a-memmove.o)
                0x0000000008009868                memmove
 *fill*         0x000000000800988e        0x2 
 .text.__malloc_lock
                0x0000000008009890       0x10 /Users/sens/dev/toolchains/arm-gcc/bin/../lib/gcc/arm-none-eabi/9.3.1/../../../../arm-none-eabi/lib/thumb/v6-m/nofp/libc_nano.a(lib_a-mlock.o)
                0x0000000008009890                __malloc_lock
 .text.__malloc_unlock
                0x00000000080098a0       0x10 /Users/sens/dev/toolchains/arm-gcc/bin/../lib/gcc/arm-none-eabi/9.3.1/../../../../arm-none-eabi/lib/thumb/v6-m/nofp/libc_nano.a(lib_a-mlock.o)
                0x00000000080098a0                __malloc_unlock
 .text._realloc_r
                0x00000000080098b0       0x4c /Users/sens/dev/toolchains/arm-gcc/bin/../lib/gcc/arm-none-eabi/9.3.1/../../../../arm-none-eabi/lib/thumb/v6-m/nofp/libc_nano.a(lib_a-nano-reallocr.o)
                0x00000000080098b0                _realloc_r
 .text._raise_r
                0x00000000080098fc       0x54 /Users/sens/dev/toolchains/arm-gcc/bin/../lib/gcc/arm-none-eabi/9.3.1/../../../../arm-none-eabi/lib/thumb/v6-m/nofp/libc_nano.a(lib_a-signal.o)
                0x00000000080098fc                _raise_r
 .text.raise    0x0000000008009950       0x14 /Users/sens/dev/toolchains/arm-gcc/bin/../lib/gcc/arm-none-eabi/9.3.1/../../../../arm-none-eabi/lib/thumb/v6-m/nofp/libc_nano.a(lib_a-signal.o)
                0x0000000008009950                raise
 .text._kill_r  0x0000000008009964       0x24 /Users/sens/dev/toolchains/arm-gcc/bin/../lib/gcc/arm-none-eabi/9.3.1/../../../../arm-none-eabi/lib/thumb/v6-m/nofp/libc_nano.a(lib_a-signalr.o)
                0x0000000008009964                _kill_r
 .text._getpid_r
                0x0000000008009988        0x8 /Users/sens/dev/toolchains/arm-gcc/bin/../lib/gcc/arm-none-eabi/9.3.1/../../../../arm-none-eabi/lib/thumb/v6-m/nofp/libc_nano.a(lib_a-signalr.o)
                0x0000000008009988                _getpid_r
 .text.__sread  0x0000000008009990       0x28 /Users/sens/dev/toolchains/arm-gcc/bin/../lib/gcc/arm-none-eabi/9.3.1/../../../../arm-none-eabi/lib/thumb/v6-m/nofp/libc_nano.a(lib_a-stdio.o)
                0x0000000008009990                __sread
 .text.__swrite
                0x00000000080099b8       0x38 /Users/sens/dev/toolchains/arm-gcc/bin/../lib/gcc/arm-none-eabi/9.3.1/../../../../arm-none-eabi/lib/thumb/v6-m/nofp/libc_nano.a(lib_a-stdio.o)
                0x00000000080099b8                __swrite
 .text.__sseek  0x00000000080099f0       0x2c /Users/sens/dev/toolchains/arm-gcc/bin/../lib/gcc/arm-none-eabi/9.3.1/../../../../arm-none-eabi/lib/thumb/v6-m/nofp/libc_nano.a(lib_a-stdio.o)
                0x00000000080099f0                __sseek
 .text.__sclose
                0x0000000008009a1c        0xc /Users/sens/dev/toolchains/arm-gcc/bin/../lib/gcc/arm-none-eabi/9.3.1/../../../../arm-none-eabi/lib/thumb/v6-m/nofp/libc_nano.a(lib_a-stdio.o)
                0x0000000008009a1c                __sclose
 .text._write_r
                0x0000000008009a28       0x28 /Users/sens/dev/toolchains/arm-gcc/bin/../lib/gcc/arm-none-eabi/9.3.1/../../../../arm-none-eabi/lib/thumb/v6-m/nofp/libc_nano.a(lib_a-writer.o)
                0x0000000008009a28                _write_r
 .text._close_r
                0x0000000008009a50       0x24 /Users/sens/dev/toolchains/arm-gcc/bin/../lib/gcc/arm-none-eabi/9.3.1/../../../../arm-none-eabi/lib/thumb/v6-m/nofp/libc_nano.a(lib_a-closer.o)
                0x0000000008009a50                _close_r
 .text._fstat_r
                0x0000000008009a74       0x24 /Users/sens/dev/toolchains/arm-gcc/bin/../lib/gcc/arm-none-eabi/9.3.1/../../../../arm-none-eabi/lib/thumb/v6-m/nofp/libc_nano.a(lib_a-fstatr.o)
                0x0000000008009a74                _fstat_r
 .text._isatty_r
                0x0000000008009a98       0x24 /Users/sens/dev/toolchains/arm-gcc/bin/../lib/gcc/arm-none-eabi/9.3.1/../../../../arm-none-eabi/lib/thumb/v6-m/nofp/libc_nano.a(lib_a-isattyr.o)
                0x0000000008009a98                _isatty_r
 .text._lseek_r
                0x0000000008009abc       0x28 /Users/sens/dev/toolchains/arm-gcc/bin/../lib/gcc/arm-none-eabi/9.3.1/../../../../arm-none-eabi/lib/thumb/v6-m/nofp/libc_nano.a(lib_a-lseekr.o)
                0x0000000008009abc                _lseek_r
 .text._malloc_usable_size_r
                0x0000000008009ae4       0x10 /Users/sens/dev/toolchains/arm-gcc/bin/../lib/gcc/arm-none-eabi/9.3.1/../../../../arm-none-eabi/lib/thumb/v6-m/nofp/libc_nano.a(lib_a-nano-msizer.o)
                0x0000000008009ae4                _malloc_usable_size_r
 .text._read_r  0x0000000008009af4       0x28 /Users/sens/dev/toolchains/arm-gcc/bin/../lib/gcc/arm-none-eabi/9.3.1/../../../../arm-none-eabi/lib/thumb/v6-m/nofp/libc_nano.a(lib_a-readr.o)
                0x0000000008009af4                _read_r
 .text.fmin     0x0000000008009b1c       0x44 /Users/sens/dev/toolchains/arm-gcc/bin/../lib/gcc/arm-none-eabi/9.3.1/../../../../arm-none-eabi/lib/thumb/v6-m/nofp/libm.a(lib_a-s_fmin.o)
                0x0000000008009b1c                fmin
 .text.__fpclassifyd
                0x0000000008009b60       0x58 /Users/sens/dev/toolchains/arm-gcc/bin/../lib/gcc/arm-none-eabi/9.3.1/../../../../arm-none-eabi/lib/thumb/v6-m/nofp/libm.a(lib_a-s_fpclassify.o)
                0x0000000008009b60                __fpclassifyd
 .text.sqrt     0x0000000008009bb8       0x5c /Users/sens/dev/toolchains/arm-gcc/bin/../lib/gcc/arm-none-eabi/9.3.1/../../../../arm-none-eabi/lib/thumb/v6-m/nofp/libm.a(lib_a-w_sqrt.o)
                0x0000000008009bb8                sqrt
 .text.__ieee754_sqrt
                0x0000000008009c14      0x1b0 /Users/sens/dev/toolchains/arm-gcc/bin/../lib/gcc/arm-none-eabi/9.3.1/../../../../arm-none-eabi/lib/thumb/v6-m/nofp/libm.a(lib_a-e_sqrt.o)
                0x0000000008009c14                __ieee754_sqrt
 .text._close   0x0000000008009dc4       0x10 /Users/sens/dev/toolchains/arm-gcc/bin/../lib/gcc/arm-none-eabi/9.3.1/../../../../arm-none-eabi/lib/thumb/v6-m/nofp/libnosys.a(close.o)
                0x0000000008009dc4                _close
 .text._fstat   0x0000000008009dd4       0x10 /Users/sens/dev/toolchains/arm-gcc/bin/../lib/gcc/arm-none-eabi/9.3.1/../../../../arm-none-eabi/lib/thumb/v6-m/nofp/libnosys.a(fstat.o)
                0x0000000008009dd4                _fstat
 .text._getpid  0x0000000008009de4       0x10 /Users/sens/dev/toolchains/arm-gcc/bin/../lib/gcc/arm-none-eabi/9.3.1/../../../../arm-none-eabi/lib/thumb/v6-m/nofp/libnosys.a(getpid.o)
                0x0000000008009de4                _getpid
 .text._isatty  0x0000000008009df4       0x10 /Users/sens/dev/toolchains/arm-gcc/bin/../lib/gcc/arm-none-eabi/9.3.1/../../../../arm-none-eabi/lib/thumb/v6-m/nofp/libnosys.a(isatty.o)
                0x0000000008009df4                _isatty
 .text._kill    0x0000000008009e04       0x10 /Users/sens/dev/toolchains/arm-gcc/bin/../lib/gcc/arm-none-eabi/9.3.1/../../../../arm-none-eabi/lib/thumb/v6-m/nofp/libnosys.a(kill.o)
                0x0000000008009e04                _kill
 .text._lseek   0x0000000008009e14       0x10 /Users/sens/dev/toolchains/arm-gcc/bin/../lib/gcc/arm-none-eabi/9.3.1/../../../../arm-none-eabi/lib/thumb/v6-m/nofp/libnosys.a(lseek.o)
                0x0000000008009e14                _lseek
 .text._read    0x0000000008009e24       0x10 /Users/sens/dev/toolchains/arm-gcc/bin/../lib/gcc/arm-none-eabi/9.3.1/../../../../arm-none-eabi/lib/thumb/v6-m/nofp/libnosys.a(read.o)
                0x0000000008009e24                _read
 .text._sbrk    0x0000000008009e34       0x1c /Users/sens/dev/toolchains/arm-gcc/bin/../lib/gcc/arm-none-eabi/9.3.1/../../../../arm-none-eabi/lib/thumb/v6-m/nofp/libnosys.a(sbrk.o)
                0x0000000008009e34                _sbrk
 .text._write   0x0000000008009e50       0x10 /Users/sens/dev/toolchains/arm-gcc/bin/../lib/gcc/arm-none-eabi/9.3.1/../../../../arm-none-eabi/lib/thumb/v6-m/nofp/libnosys.a(write.o)
                0x0000000008009e50                _write
 .text._exit    0x0000000008009e60        0x4 /Users/sens/dev/toolchains/arm-gcc/bin/../lib/gcc/arm-none-eabi/9.3.1/../../../../arm-none-eabi/lib/thumb/v6-m/nofp/libnosys.a(_exit.o)
                0x0000000008009e60                _exit
 *(.glue_7)
 .glue_7        0x0000000008009e64        0x0 linker stubs
 *(.glue_7t)
 .glue_7t       0x0000000008009e64        0x0 linker stubs
 *(.eh_frame)
 .eh_frame      0x0000000008009e64        0x0 /Users/sens/dev/toolchains/arm-gcc/bin/../lib/gcc/arm-none-eabi/9.3.1/thumb/v6-m/nofp/crtbegin.o
 *(.init)
 .init          0x0000000008009e64        0x4 /Users/sens/dev/toolchains/arm-gcc/bin/../lib/gcc/arm-none-eabi/9.3.1/thumb/v6-m/nofp/crti.o
                0x0000000008009e64                _init
 .init          0x0000000008009e68        0x8 /Users/sens/dev/toolchains/arm-gcc/bin/../lib/gcc/arm-none-eabi/9.3.1/thumb/v6-m/nofp/crtn.o
 *(.fini)
 .fini          0x0000000008009e70        0x4 /Users/sens/dev/toolchains/arm-gcc/bin/../lib/gcc/arm-none-eabi/9.3.1/thumb/v6-m/nofp/crti.o
                0x0000000008009e70                _fini
 .fini          0x0000000008009e74        0x8 /Users/sens/dev/toolchains/arm-gcc/bin/../lib/gcc/arm-none-eabi/9.3.1/thumb/v6-m/nofp/crtn.o
                0x0000000008009e7c                . = ALIGN (0x4)
                0x0000000008009e7c                _etext = .

.vfp11_veneer   0x0000000008009e7c        0x0
 .vfp11_veneer  0x0000000008009e7c        0x0 linker stubs

.v4_bx          0x0000000008009e7c        0x0
 .v4_bx         0x0000000008009e7c        0x0 linker stubs

.iplt           0x0000000008009e7c        0x0
 .iplt          0x0000000008009e7c        0x0 /Users/sens/dev/toolchains/arm-gcc/bin/../lib/gcc/arm-none-eabi/9.3.1/thumb/v6-m/nofp/crtbegin.o

.rodata         0x0000000008009e7c      0x418
                0x0000000008009e7c                . = ALIGN (0x4)
 *(.rodata)
 .rodata        0x0000000008009e7c       0x40 /Users/sens/dev/toolchains/arm-gcc/bin/../lib/gcc/arm-none-eabi/9.3.1/thumb/v6-m/nofp/libgcc.a(divdf3.o)
 .rodata        0x0000000008009ebc       0x40 /Users/sens/dev/toolchains/arm-gcc/bin/../lib/gcc/arm-none-eabi/9.3.1/thumb/v6-m/nofp/libgcc.a(muldf3.o)
 *(.rodata*)
 .rodata.ioctl_cdc_rx_callback.str1.4
                0x0000000008009efc        0x3 build/ioctl.o
 *fill*         0x0000000008009eff        0x1 
 .rodata.ioctl_bus_acquire.str1.4
                0x0000000008009f00        0xe build/ioctl.o
 *fill*         0x0000000008009f0e        0x2 
 .rodata.ioctl_cmd_handle.str1.4
                0x0000000008009f10       0x6f build/ioctl.o
                                         0x73 (size before relaxing)
 *fill*         0x0000000008009f7f        0x1 
 .rodata.USBD_FS_ProductStrDescriptor.str1.4
                0x0000000008009f80        0xd build/usbd_desc.o
 *fill*         0x0000000008009f8d        0x3 
 .rodata.USBD_FS_ManufacturerStrDescriptor.str1.4
                0x0000000008009f90        0x5 build/usbd_desc.o
 *fill*         0x0000000008009f95        0x3 
 .rodata.USBD_FS_ConfigStrDescriptor.str1.4
                0x0000000008009f98        0xb build/usbd_desc.o
 *fill*         0x0000000008009fa3        0x1 
 .rodata.USBD_FS_InterfaceStrDescriptor.str1.4
                0x0000000008009fa4        0xe build/usbd_desc.o
 *fill*         0x0000000008009fb2        0x2 
 .rodata.AHBPrescTable
                0x0000000008009fb4       0x10 build/system_stm32f0xx.o
                0x0000000008009fb4                AHBPrescTable
 .rodata.HAL_RCC_GetSysClockFreq.str1.4
                0x0000000008009fc4       0x25 build/stm32f0xx_hal_rcc.o
 *fill*         0x0000000008009fe9        0x3 
 .rodata.USBD_GetDescriptor
                0x0000000008009fec       0x38 build/usbd_ctlreq.o
 .rodata.USBD_StdDevReq
                0x000000000800a024       0x28 build/usbd_ctlreq.o
 .rodata._global_impure_ptr
                0x000000000800a04c        0x4 /Users/sens/dev/toolchains/arm-gcc/bin/../lib/gcc/arm-none-eabi/9.3.1/../../../../arm-none-eabi/lib/thumb/v6-m/nofp/libc_nano.a(lib_a-impure.o)
                0x000000000800a04c                _global_impure_ptr
 .rodata.strtok.str1.1
                0x000000000800a050       0x72 /Users/sens/dev/toolchains/arm-gcc/bin/../lib/gcc/arm-none-eabi/9.3.1/../../../../arm-none-eabi/lib/thumb/v6-m/nofp/libc_nano.a(lib_a-strtok.o)
 .rodata.__assert_func.str1.1
                0x000000000800a0c2       0x3c /Users/sens/dev/toolchains/arm-gcc/bin/../lib/gcc/arm-none-eabi/9.3.1/../../../../arm-none-eabi/lib/thumb/v6-m/nofp/libc_nano.a(lib_a-assert.o)
                                         0x3d (size before relaxing)
 .rodata._ctype_
                0x000000000800a0fe      0x101 /Users/sens/dev/toolchains/arm-gcc/bin/../lib/gcc/arm-none-eabi/9.3.1/../../../../arm-none-eabi/lib/thumb/v6-m/nofp/libc_nano.a(lib_a-ctype_.o)
                0x000000000800a0fe                _ctype_
 .rodata._svfprintf_r.str1.1
                0x000000000800a1ff       0x11 /Users/sens/dev/toolchains/arm-gcc/bin/../lib/gcc/arm-none-eabi/9.3.1/../../../../arm-none-eabi/lib/thumb/v6-m/nofp/libc_nano.a(lib_a-nano-svfprintf.o)
 .rodata._vfprintf_r.str1.1
                0x000000000800a210       0x11 /Users/sens/dev/toolchains/arm-gcc/bin/../lib/gcc/arm-none-eabi/9.3.1/../../../../arm-none-eabi/lib/thumb/v6-m/nofp/libc_nano.a(lib_a-nano-vfprintf.o)
 .rodata._printf_i.str1.1
                0x000000000800a210       0x22 /Users/sens/dev/toolchains/arm-gcc/bin/../lib/gcc/arm-none-eabi/9.3.1/../../../../arm-none-eabi/lib/thumb/v6-m/nofp/libc_nano.a(lib_a-nano-vfprintf_i.o)
 *fill*         0x000000000800a232        0x2 
 .rodata.__sf_fake_stderr
                0x000000000800a234       0x20 /Users/sens/dev/toolchains/arm-gcc/bin/../lib/gcc/arm-none-eabi/9.3.1/../../../../arm-none-eabi/lib/thumb/v6-m/nofp/libc_nano.a(lib_a-findfp.o)
                0x000000000800a234                __sf_fake_stderr
 .rodata.__sf_fake_stdin
                0x000000000800a254       0x20 /Users/sens/dev/toolchains/arm-gcc/bin/../lib/gcc/arm-none-eabi/9.3.1/../../../../arm-none-eabi/lib/thumb/v6-m/nofp/libc_nano.a(lib_a-findfp.o)
                0x000000000800a254                __sf_fake_stdin
 .rodata.__sf_fake_stdout
                0x000000000800a274       0x20 /Users/sens/dev/toolchains/arm-gcc/bin/../lib/gcc/arm-none-eabi/9.3.1/../../../../arm-none-eabi/lib/thumb/v6-m/nofp/libc_nano.a(lib_a-findfp.o)
                0x000000000800a274                __sf_fake_stdout
                0x000000000800a294                . = ALIGN (0x4)

.ARM.extab
 *(.ARM.extab* .gnu.linkonce.armextab.*)

.ARM            0x000000000800a294        0x8
                0x000000000800a294                __exidx_start = .
 *(.ARM.exidx*)
 .ARM.exidx     0x000000000800a294        0x8 /Users/sens/dev/toolchains/arm-gcc/bin/../lib/gcc/arm-none-eabi/9.3.1/thumb/v6-m/nofp/libgcc.a(_udivmoddi4.o)
                0x000000000800a29c                __exidx_end = .

.rel.dyn        0x000000000800a29c        0x0
 .rel.iplt      0x000000000800a29c        0x0 /Users/sens/dev/toolchains/arm-gcc/bin/../lib/gcc/arm-none-eabi/9.3.1/thumb/v6-m/nofp/crtbegin.o

.preinit_array  0x000000000800a29c        0x0
                0x000000000800a29c                PROVIDE (__preinit_array_start = .)
 *(.preinit_array*)
                0x000000000800a29c                PROVIDE (__preinit_array_end = .)

.init_array     0x000000000800a29c        0x4
                0x000000000800a29c                PROVIDE (__init_array_start = .)
 *(SORT_BY_NAME(.init_array.*))
 *(.init_array*)
 .init_array    0x000000000800a29c        0x4 /Users/sens/dev/toolchains/arm-gcc/bin/../lib/gcc/arm-none-eabi/9.3.1/thumb/v6-m/nofp/crtbegin.o
                0x000000000800a2a0                PROVIDE (__init_array_end = .)

.fini_array     0x000000000800a2a0        0x4
                [!provide]                        PROVIDE (__fini_array_start = .)
 *(SORT_BY_NAME(.fini_array.*))
 *(.fini_array*)
 .fini_array    0x000000000800a2a0        0x4 /Users/sens/dev/toolchains/arm-gcc/bin/../lib/gcc/arm-none-eabi/9.3.1/thumb/v6-m/nofp/crtbegin.o
                [!provide]                        PROVIDE (__fini_array_end = .)
                0x000000000800a2a4                _sidata = LOADADDR (.data)

.data           0x0000000020000000      0x1ec load address 0x000000000800a2a4
                0x0000000020000000                . = ALIGN (0x4)
                0x0000000020000000                _sdata = .
 *(.data)
 *(.data*)
 .data.options  0x0000000020000000        0x8 build/ioctl.o
 .data.FS_Desc  0x0000000020000008       0x1c build/usbd_desc.o
                0x0000000020000008                FS_Desc
 .data.USBD_FS_DeviceDesc
                0x0000000020000024       0x12 build/usbd_desc.o
                0x0000000020000024                USBD_FS_DeviceDesc
 *fill*         0x0000000020000036        0x2 
 .data.USBD_LangIDDesc
                0x0000000020000038        0x4 build/usbd_desc.o
                0x0000000020000038                USBD_LangIDDesc
 .data.USBD_StringSerial
                0x000000002000003c       0x1a build/usbd_desc.o
                0x000000002000003c                USBD_StringSerial
 *fill*         0x0000000020000056        0x2 
 .data.USBD_Interface_fops_FS
                0x0000000020000058       0x10 build/usbd_cdc_if.o
                0x0000000020000058                USBD_Interface_fops_FS
 .data.SystemCoreClock
                0x0000000020000068        0x4 build/system_stm32f0xx.o
                0x0000000020000068                SystemCoreClock
 .data.uwTickFreq
                0x000000002000006c        0x1 build/stm32f0xx_hal.o
                0x000000002000006c                uwTickFreq
 *fill*         0x000000002000006d        0x3 
 .data.uwTickPrio
                0x0000000020000070        0x4 build/stm32f0xx_hal.o
                0x0000000020000070                uwTickPrio
 .data.USBD_CDC
                0x0000000020000074       0x38 build/usbd_cdc.o
                0x0000000020000074                USBD_CDC
 .data.USBD_CDC_CfgFSDesc
                0x00000000200000ac       0x43 build/usbd_cdc.o
                0x00000000200000ac                USBD_CDC_CfgFSDesc
 *fill*         0x00000000200000ef        0x1 
 .data.USBD_CDC_CfgHSDesc
                0x00000000200000f0       0x43 build/usbd_cdc.o
                0x00000000200000f0                USBD_CDC_CfgHSDesc
 *fill*         0x0000000020000133        0x1 
 .data.USBD_CDC_DeviceQualifierDesc
                0x0000000020000134        0xa build/usbd_cdc.o
 *fill*         0x000000002000013e        0x2 
 .data.USBD_CDC_OtherSpeedCfgDesc
                0x0000000020000140       0x43 build/usbd_cdc.o
                0x0000000020000140                USBD_CDC_OtherSpeedCfgDesc
 *fill*         0x0000000020000183        0x1 
 .data._impure_ptr
                0x0000000020000184        0x4 /Users/sens/dev/toolchains/arm-gcc/bin/../lib/gcc/arm-none-eabi/9.3.1/../../../../arm-none-eabi/lib/thumb/v6-m/nofp/libc_nano.a(lib_a-impure.o)
                0x0000000020000184                _impure_ptr
 .data.impure_data
                0x0000000020000188       0x60 /Users/sens/dev/toolchains/arm-gcc/bin/../lib/gcc/arm-none-eabi/9.3.1/../../../../arm-none-eabi/lib/thumb/v6-m/nofp/libc_nano.a(lib_a-impure.o)
 .data.__fdlib_version
                0x00000000200001e8        0x1 /Users/sens/dev/toolchains/arm-gcc/bin/../lib/gcc/arm-none-eabi/9.3.1/../../../../arm-none-eabi/lib/thumb/v6-m/nofp/libm.a(lib_a-s_lib_ver.o)
                0x00000000200001e8                __fdlib_version
                0x00000000200001ec                . = ALIGN (0x4)
 *fill*         0x00000000200001e9        0x3 
                0x00000000200001ec                _edata = .

.igot.plt       0x00000000200001ec        0x0 load address 0x000000000800a490
 .igot.plt      0x00000000200001ec        0x0 /Users/sens/dev/toolchains/arm-gcc/bin/../lib/gcc/arm-none-eabi/9.3.1/thumb/v6-m/nofp/crtbegin.o
                0x00000000200001ec                . = ALIGN (0x4)

.bss            0x00000000200001ec     0x1318 load address 0x000000000800a490
                0x00000000200001ec                _sbss = .
                0x00000000200001ec                __bss_start__ = _sbss
 *(.bss)
 .bss           0x00000000200001ec       0x1c /Users/sens/dev/toolchains/arm-gcc/bin/../lib/gcc/arm-none-eabi/9.3.1/thumb/v6-m/nofp/crtbegin.o
 *(.bss*)
 .bss.led_debounce.8944
                0x0000000020000208        0x4 build/main.o
 .bss.cmd0      0x000000002000020c        0xa build/ioctl.o
 *fill*         0x0000000020000216        0x2 
 .bss.cmd1      0x0000000020000218        0xa build/ioctl.o
 *fill*         0x0000000020000222        0x2 
 .bss.cmd2      0x0000000020000224        0xa build/ioctl.o
 *fill*         0x000000002000022e        0x2 
 .bss.cmd3      0x0000000020000230        0xa build/ioctl.o
 .bss.cmd_available
                0x000000002000023a        0x1 build/ioctl.o
 *fill*         0x000000002000023b        0x1 
 .bss.ticks.8975
                0x000000002000023c        0x4 build/ioctl.o
 .bss.mem.8517  0x0000000020000240      0x220 build/usbd_conf.o
 .bss.cfgidx.8448
                0x0000000020000460        0x1 build/usbd_ctlreq.o
 *fill*         0x0000000020000461        0x3 
 .bss.__malloc_free_list
                0x0000000020000464        0x4 /Users/sens/dev/toolchains/arm-gcc/bin/../lib/gcc/arm-none-eabi/9.3.1/../../../../arm-none-eabi/lib/thumb/v6-m/nofp/libc_nano.a(lib_a-nano-mallocr.o)
                0x0000000020000464                __malloc_free_list
 .bss.__malloc_sbrk_start
                0x0000000020000468        0x4 /Users/sens/dev/toolchains/arm-gcc/bin/../lib/gcc/arm-none-eabi/9.3.1/../../../../arm-none-eabi/lib/thumb/v6-m/nofp/libc_nano.a(lib_a-nano-mallocr.o)
                0x0000000020000468                __malloc_sbrk_start
 .bss.heap_end.4144
                0x000000002000046c        0x4 /Users/sens/dev/toolchains/arm-gcc/bin/../lib/gcc/arm-none-eabi/9.3.1/../../../../arm-none-eabi/lib/thumb/v6-m/nofp/libnosys.a(sbrk.o)
 *(COMMON)
 COMMON         0x0000000020000470      0x2c4 build/usb_device.o
                0x0000000020000470                hUsbDeviceFS
 COMMON         0x0000000020000734      0x200 build/usbd_desc.o
                0x0000000020000734                USBD_StrDesc
 COMMON         0x0000000020000934      0x7d0 build/usbd_cdc_if.o
                0x0000000020000934                UserRxBufferFS
                0x0000000020000d1c                UserTxBufferFS
 COMMON         0x0000000020001104      0x2f4 build/usbd_conf.o
                0x0000000020001104                hpcd_USB_FS
 COMMON         0x00000000200013f8       0x4c build/i2c.o
                0x00000000200013f8                hi2c1
 COMMON         0x0000000020001444       0x64 build/spi.o
                0x0000000020001444                hspi1
 COMMON         0x00000000200014a8       0x48 build/tim.o
                0x00000000200014a8                htim16
 COMMON         0x00000000200014f0        0x4 build/stm32f0xx_hal.o
                0x00000000200014f0                uwTick
 COMMON         0x00000000200014f4        0x9 /Users/sens/dev/toolchains/arm-gcc/bin/../lib/gcc/arm-none-eabi/9.3.1/../../../../arm-none-eabi/lib/thumb/v6-m/nofp/libc_nano.a(lib_a-lock.o)
                0x00000000200014f4                __lock___atexit_recursive_mutex
                0x00000000200014f5                __lock___arc4random_mutex
                0x00000000200014f6                __lock___env_recursive_mutex
                0x00000000200014f7                __lock___sinit_recursive_mutex
                0x00000000200014f8                __lock___malloc_recursive_mutex
                0x00000000200014f9                __lock___at_quick_exit_mutex
                0x00000000200014fa                __lock___dd_hash_mutex
                0x00000000200014fb                __lock___tz_mutex
                0x00000000200014fc                __lock___sfp_recursive_mutex
 *fill*         0x00000000200014fd        0x3 
 COMMON         0x0000000020001500        0x4 /Users/sens/dev/toolchains/arm-gcc/bin/../lib/gcc/arm-none-eabi/9.3.1/../../../../arm-none-eabi/lib/thumb/v6-m/nofp/libc_nano.a(lib_a-reent.o)
                0x0000000020001500                errno
                0x0000000020001504                . = ALIGN (0x4)
                0x0000000020001504                _ebss = .
                0x0000000020001504                __bss_end__ = _ebss

._user_heap_stack
                0x0000000020001504      0x604 load address 0x000000000800a490
                0x0000000020001508                . = ALIGN (0x8)
 *fill*         0x0000000020001504        0x4 
                0x0000000020001508                PROVIDE (end = .)
                [!provide]                        PROVIDE (_end = .)
                0x0000000020001708                . = (. + _Min_Heap_Size)
 *fill*         0x0000000020001508      0x200 
                0x0000000020001b08                . = (. + _Min_Stack_Size)
 *fill*         0x0000000020001708      0x400 
                0x0000000020001b08                . = ALIGN (0x8)

/DISCARD/
 libc.a(*)
 libm.a(*)
 libgcc.a(*)

.ARM.attributes
                0x0000000000000000       0x28
 *(.ARM.attributes)
 .ARM.attributes
                0x0000000000000000       0x1e /Users/sens/dev/toolchains/arm-gcc/bin/../lib/gcc/arm-none-eabi/9.3.1/thumb/v6-m/nofp/crti.o
 .ARM.attributes
                0x000000000000001e       0x2c /Users/sens/dev/toolchains/arm-gcc/bin/../lib/gcc/arm-none-eabi/9.3.1/thumb/v6-m/nofp/crtbegin.o
 .ARM.attributes
                0x000000000000004a       0x2c build/main.o
 .ARM.attributes
                0x0000000000000076       0x2c build/ioctl.o
 .ARM.attributes
                0x00000000000000a2       0x2c build/gpio.o
 .ARM.attributes
                0x00000000000000ce       0x2c build/stm32f0xx_it.o
 .ARM.attributes
                0x00000000000000fa       0x2c build/stm32f0xx_hal_msp.o
 .ARM.attributes
                0x0000000000000126       0x2c build/usb_device.o
 .ARM.attributes
                0x0000000000000152       0x2c build/usbd_desc.o
 .ARM.attributes
                0x000000000000017e       0x2c build/usbd_cdc_if.o
 .ARM.attributes
                0x00000000000001aa       0x2c build/usbd_conf.o
 .ARM.attributes
                0x00000000000001d6       0x2c build/system_stm32f0xx.o
 .ARM.attributes
                0x0000000000000202       0x2c build/i2c.o
 .ARM.attributes
                0x000000000000022e       0x2c build/spi.o
 .ARM.attributes
                0x000000000000025a       0x2c build/tim.o
 .ARM.attributes
                0x0000000000000286       0x2c build/stm32f0xx_ll_usb.o
 .ARM.attributes
                0x00000000000002b2       0x2c build/stm32f0xx_hal_pcd.o
 .ARM.attributes
                0x00000000000002de       0x2c build/stm32f0xx_hal_pcd_ex.o
 .ARM.attributes
                0x000000000000030a       0x2c build/stm32f0xx_hal_rcc.o
 .ARM.attributes
                0x0000000000000336       0x2c build/stm32f0xx_hal_rcc_ex.o
 .ARM.attributes
                0x0000000000000362       0x2c build/stm32f0xx_hal.o
 .ARM.attributes
                0x000000000000038e       0x2c build/stm32f0xx_hal_i2c.o
 .ARM.attributes
                0x00000000000003ba       0x2c build/stm32f0xx_hal_i2c_ex.o
 .ARM.attributes
                0x00000000000003e6       0x2c build/stm32f0xx_hal_gpio.o
 .ARM.attributes
                0x0000000000000412       0x2c build/stm32f0xx_hal_dma.o
 .ARM.attributes
                0x000000000000043e       0x2c build/stm32f0xx_hal_cortex.o
 .ARM.attributes
                0x000000000000046a       0x2c build/stm32f0xx_hal_spi.o
 .ARM.attributes
                0x0000000000000496       0x2c build/stm32f0xx_hal_tim.o
 .ARM.attributes
                0x00000000000004c2       0x2c build/stm32f0xx_hal_tim_ex.o
 .ARM.attributes
                0x00000000000004ee       0x2c build/usbd_core.o
 .ARM.attributes
                0x000000000000051a       0x2c build/usbd_ctlreq.o
 .ARM.attributes
                0x0000000000000546       0x2c build/usbd_ioreq.o
 .ARM.attributes
                0x0000000000000572       0x2c build/usbd_cdc.o
 .ARM.attributes
                0x000000000000059e       0x21 build/startup_stm32f072xb.o
 .ARM.attributes
                0x00000000000005bf       0x2c /Users/sens/dev/toolchains/arm-gcc/bin/../lib/gcc/arm-none-eabi/9.3.1/../../../../arm-none-eabi/lib/thumb/v6-m/nofp/libc_nano.a(lib_a-impure.o)
 .ARM.attributes
                0x00000000000005eb       0x2c /Users/sens/dev/toolchains/arm-gcc/bin/../lib/gcc/arm-none-eabi/9.3.1/../../../../arm-none-eabi/lib/thumb/v6-m/nofp/libc_nano.a(lib_a-init.o)
 .ARM.attributes
                0x0000000000000617       0x2c /Users/sens/dev/toolchains/arm-gcc/bin/../lib/gcc/arm-none-eabi/9.3.1/../../../../arm-none-eabi/lib/thumb/v6-m/nofp/libc_nano.a(lib_a-memset.o)
 .ARM.attributes
                0x0000000000000643       0x2c /Users/sens/dev/toolchains/arm-gcc/bin/../lib/gcc/arm-none-eabi/9.3.1/../../../../arm-none-eabi/lib/thumb/v6-m/nofp/libc_nano.a(lib_a-sprintf.o)
 .ARM.attributes
                0x000000000000066f       0x1c /Users/sens/dev/toolchains/arm-gcc/bin/../lib/gcc/arm-none-eabi/9.3.1/../../../../arm-none-eabi/lib/thumb/v6-m/nofp/libc_nano.a(lib_a-strcmp.o)
 .ARM.attributes
                0x000000000000068b       0x2c /Users/sens/dev/toolchains/arm-gcc/bin/../lib/gcc/arm-none-eabi/9.3.1/../../../../arm-none-eabi/lib/thumb/v6-m/nofp/libc_nano.a(lib_a-strcpy.o)
 .ARM.attributes
                0x00000000000006b7       0x1c /Users/sens/dev/toolchains/arm-gcc/bin/../lib/gcc/arm-none-eabi/9.3.1/../../../../arm-none-eabi/lib/thumb/v6-m/nofp/libc_nano.a(lib_a-strlen.o)
 .ARM.attributes
                0x00000000000006d3       0x2c /Users/sens/dev/toolchains/arm-gcc/bin/../lib/gcc/arm-none-eabi/9.3.1/../../../../arm-none-eabi/lib/thumb/v6-m/nofp/libc_nano.a(lib_a-strtok.o)
 .ARM.attributes
                0x00000000000006ff       0x2c /Users/sens/dev/toolchains/arm-gcc/bin/../lib/gcc/arm-none-eabi/9.3.1/../../../../arm-none-eabi/lib/thumb/v6-m/nofp/libc_nano.a(lib_a-strtok_r.o)
 .ARM.attributes
                0x000000000000072b       0x2c /Users/sens/dev/toolchains/arm-gcc/bin/../lib/gcc/arm-none-eabi/9.3.1/../../../../arm-none-eabi/lib/thumb/v6-m/nofp/libc_nano.a(lib_a-strtol.o)
 .ARM.attributes
                0x0000000000000757       0x2c /Users/sens/dev/toolchains/arm-gcc/bin/../lib/gcc/arm-none-eabi/9.3.1/../../../../arm-none-eabi/lib/thumb/v6-m/nofp/libc_nano.a(lib_a-strtoll.o)
 .ARM.attributes
                0x0000000000000783       0x2c /Users/sens/dev/toolchains/arm-gcc/bin/../lib/gcc/arm-none-eabi/9.3.1/../../../../arm-none-eabi/lib/thumb/v6-m/nofp/libc_nano.a(lib_a-assert.o)
 .ARM.attributes
                0x00000000000007af       0x2c /Users/sens/dev/toolchains/arm-gcc/bin/../lib/gcc/arm-none-eabi/9.3.1/../../../../arm-none-eabi/lib/thumb/v6-m/nofp/libc_nano.a(lib_a-ctype_.o)
 .ARM.attributes
                0x00000000000007db       0x2c /Users/sens/dev/toolchains/arm-gcc/bin/../lib/gcc/arm-none-eabi/9.3.1/../../../../arm-none-eabi/lib/thumb/v6-m/nofp/libc_nano.a(lib_a-errno.o)
 .ARM.attributes
                0x0000000000000807       0x2c /Users/sens/dev/toolchains/arm-gcc/bin/../lib/gcc/arm-none-eabi/9.3.1/../../../../arm-none-eabi/lib/thumb/v6-m/nofp/libc_nano.a(lib_a-fprintf.o)
 .ARM.attributes
                0x0000000000000833       0x2c /Users/sens/dev/toolchains/arm-gcc/bin/../lib/gcc/arm-none-eabi/9.3.1/../../../../arm-none-eabi/lib/thumb/v6-m/nofp/libc_nano.a(lib_a-malloc.o)
 .ARM.attributes
                0x000000000000085f       0x2c /Users/sens/dev/toolchains/arm-gcc/bin/../lib/gcc/arm-none-eabi/9.3.1/../../../../arm-none-eabi/lib/thumb/v6-m/nofp/libc_nano.a(lib_a-nano-freer.o)
 .ARM.attributes
                0x000000000000088b       0x2c /Users/sens/dev/toolchains/arm-gcc/bin/../lib/gcc/arm-none-eabi/9.3.1/../../../../arm-none-eabi/lib/thumb/v6-m/nofp/libc_nano.a(lib_a-nano-mallocr.o)
 .ARM.attributes
                0x00000000000008b7       0x2c /Users/sens/dev/toolchains/arm-gcc/bin/../lib/gcc/arm-none-eabi/9.3.1/../../../../arm-none-eabi/lib/thumb/v6-m/nofp/libc_nano.a(lib_a-nano-svfprintf.o)
 .ARM.attributes
                0x00000000000008e3       0x2c /Users/sens/dev/toolchains/arm-gcc/bin/../lib/gcc/arm-none-eabi/9.3.1/../../../../arm-none-eabi/lib/thumb/v6-m/nofp/libc_nano.a(lib_a-nano-vfprintf.o)
 .ARM.attributes
                0x000000000000090f       0x2c /Users/sens/dev/toolchains/arm-gcc/bin/../lib/gcc/arm-none-eabi/9.3.1/../../../../arm-none-eabi/lib/thumb/v6-m/nofp/libc_nano.a(lib_a-nano-vfprintf_i.o)
 .ARM.attributes
                0x000000000000093b       0x2c /Users/sens/dev/toolchains/arm-gcc/bin/../lib/gcc/arm-none-eabi/9.3.1/../../../../arm-none-eabi/lib/thumb/v6-m/nofp/libc_nano.a(lib_a-sbrkr.o)
 .ARM.attributes
                0x0000000000000967       0x2c /Users/sens/dev/toolchains/arm-gcc/bin/../lib/gcc/arm-none-eabi/9.3.1/../../../../arm-none-eabi/lib/thumb/v6-m/nofp/libc_nano.a(lib_a-wbuf.o)
 .ARM.attributes
                0x0000000000000993       0x2c /Users/sens/dev/toolchains/arm-gcc/bin/../lib/gcc/arm-none-eabi/9.3.1/../../../../arm-none-eabi/lib/thumb/v6-m/nofp/libc_nano.a(lib_a-wsetup.o)
 .ARM.attributes
                0x00000000000009bf       0x2c /Users/sens/dev/toolchains/arm-gcc/bin/../lib/gcc/arm-none-eabi/9.3.1/../../../../arm-none-eabi/lib/thumb/v6-m/nofp/libc_nano.a(lib_a-abort.o)
 .ARM.attributes
                0x00000000000009eb       0x2c /Users/sens/dev/toolchains/arm-gcc/bin/../lib/gcc/arm-none-eabi/9.3.1/../../../../arm-none-eabi/lib/thumb/v6-m/nofp/libc_nano.a(lib_a-fflush.o)
 .ARM.attributes
                0x0000000000000a17       0x2c /Users/sens/dev/toolchains/arm-gcc/bin/../lib/gcc/arm-none-eabi/9.3.1/../../../../arm-none-eabi/lib/thumb/v6-m/nofp/libc_nano.a(lib_a-findfp.o)
 .ARM.attributes
                0x0000000000000a43       0x2c /Users/sens/dev/toolchains/arm-gcc/bin/../lib/gcc/arm-none-eabi/9.3.1/../../../../arm-none-eabi/lib/thumb/v6-m/nofp/libc_nano.a(lib_a-fwalk.o)
 .ARM.attributes
                0x0000000000000a6f       0x2c /Users/sens/dev/toolchains/arm-gcc/bin/../lib/gcc/arm-none-eabi/9.3.1/../../../../arm-none-eabi/lib/thumb/v6-m/nofp/libc_nano.a(lib_a-lock.o)
 .ARM.attributes
                0x0000000000000a9b       0x2c /Users/sens/dev/toolchains/arm-gcc/bin/../lib/gcc/arm-none-eabi/9.3.1/../../../../arm-none-eabi/lib/thumb/v6-m/nofp/libc_nano.a(lib_a-makebuf.o)
 .ARM.attributes
                0x0000000000000ac7       0x2c /Users/sens/dev/toolchains/arm-gcc/bin/../lib/gcc/arm-none-eabi/9.3.1/../../../../arm-none-eabi/lib/thumb/v6-m/nofp/libc_nano.a(lib_a-memchr-stub.o)
 .ARM.attributes
                0x0000000000000af3       0x2c /Users/sens/dev/toolchains/arm-gcc/bin/../lib/gcc/arm-none-eabi/9.3.1/../../../../arm-none-eabi/lib/thumb/v6-m/nofp/libc_nano.a(lib_a-memcpy-stub.o)
 .ARM.attributes
                0x0000000000000b1f       0x2c /Users/sens/dev/toolchains/arm-gcc/bin/../lib/gcc/arm-none-eabi/9.3.1/../../../../arm-none-eabi/lib/thumb/v6-m/nofp/libc_nano.a(lib_a-memmove.o)
 .ARM.attributes